Component: ARM Compiler 5.05 update 1 (build 106) Tool: armlink [4d0efa]

==============================================================================

Section Cross References

    main.o(i.main) refers to misc.o(i.NVIC_PriorityGroupConfig) for NVIC_PriorityGroupConfig
    main.o(i.main) refers to usart.o(i.uart_init) for uart_init
    main.o(i.main) refers to delay.o(i.delay_init) for delay_init
    main.o(i.main) refers to lcd.o(i.LCD_Init) for LCD_Init
    main.o(i.main) refers to iic.o(i.IIC_GPIO_Config) for IIC_GPIO_Config
    main.o(i.main) refers to mpu9250_iic.o(i.MPU9250_Init) for MPU9250_Init
    main.o(i.main) refers to mpu9250_iic.o(i.show_Init) for show_Init
    main.o(i.main) refers to mpu9250_iic.o(i.showData) for showData
    system_stm32f10x.o(i.SetSysClock) refers to system_stm32f10x.o(i.SetSysClockTo72) for SetSysClockTo72
    system_stm32f10x.o(i.SystemCoreClockUpdate) refers to system_stm32f10x.o(.data) for SystemCoreClock
    system_stm32f10x.o(i.SystemInit) refers to system_stm32f10x.o(i.SetSysClock) for SetSysClock
    delay.o(i.delay_init) refers to misc.o(i.SysTick_CLKSourceConfig) for SysTick_CLKSourceConfig
    delay.o(i.delay_init) refers to system_stm32f10x.o(.data) for SystemCoreClock
    delay.o(i.delay_init) refers to delay.o(.data) for fac_us
    delay.o(i.delay_ms) refers to delay.o(.data) for fac_ms
    delay.o(i.delay_us) refers to delay.o(.data) for fac_us
    usart.o(i.USART1_IRQHandler) refers (Special) to use_no_semi_2.o(.text) for __use_no_semihosting
    usart.o(i.USART1_IRQHandler) refers to stm32f10x_usart.o(i.USART_GetITStatus) for USART_GetITStatus
    usart.o(i.USART1_IRQHandler) refers to stm32f10x_usart.o(i.USART_ReceiveData) for USART_ReceiveData
    usart.o(i.USART1_IRQHandler) refers to usart.o(.data) for USART_RX_STA
    usart.o(i.USART1_IRQHandler) refers to usart.o(.bss) for USART_RX_BUF
    usart.o(i._sys_exit) refers (Special) to use_no_semi_2.o(.text) for __use_no_semihosting
    usart.o(i.fputc) refers (Special) to use_no_semi_2.o(.text) for __use_no_semihosting
    usart.o(i.uart_init) refers (Special) to use_no_semi_2.o(.text) for __use_no_semihosting
    usart.o(i.uart_init) refers to stm32f10x_rcc.o(i.RCC_APB2PeriphClockCmd) for RCC_APB2PeriphClockCmd
    usart.o(i.uart_init) refers to stm32f10x_gpio.o(i.GPIO_Init) for GPIO_Init
    usart.o(i.uart_init) refers to misc.o(i.NVIC_Init) for NVIC_Init
    usart.o(i.uart_init) refers to stm32f10x_usart.o(i.USART_Init) for USART_Init
    usart.o(i.uart_init) refers to stm32f10x_usart.o(i.USART_ITConfig) for USART_ITConfig
    usart.o(i.uart_init) refers to stm32f10x_usart.o(i.USART_Cmd) for USART_Cmd
    usart.o(.bss) refers (Special) to use_no_semi_2.o(.text) for __use_no_semihosting
    usart.o(.data) refers (Special) to use_no_semi_2.o(.text) for __use_no_semihosting
    startup_stm32f10x_hd.o(STACK) refers (Special) to heapauxi.o(.text) for __use_two_region_memory
    startup_stm32f10x_hd.o(HEAP) refers (Special) to heapauxi.o(.text) for __use_two_region_memory
    startup_stm32f10x_hd.o(RESET) refers (Special) to heapauxi.o(.text) for __use_two_region_memory
    startup_stm32f10x_hd.o(RESET) refers to startup_stm32f10x_hd.o(STACK) for __initial_sp
    startup_stm32f10x_hd.o(RESET) refers to startup_stm32f10x_hd.o(.text) for Reset_Handler
    startup_stm32f10x_hd.o(RESET) refers to stm32f10x_it.o(i.NMI_Handler) for NMI_Handler
    startup_stm32f10x_hd.o(RESET) refers to stm32f10x_it.o(i.HardFault_Handler) for HardFault_Handler
    startup_stm32f10x_hd.o(RESET) refers to stm32f10x_it.o(i.MemManage_Handler) for MemManage_Handler
    startup_stm32f10x_hd.o(RESET) refers to stm32f10x_it.o(i.BusFault_Handler) for BusFault_Handler
    startup_stm32f10x_hd.o(RESET) refers to stm32f10x_it.o(i.UsageFault_Handler) for UsageFault_Handler
    startup_stm32f10x_hd.o(RESET) refers to stm32f10x_it.o(i.SVC_Handler) for SVC_Handler
    startup_stm32f10x_hd.o(RESET) refers to stm32f10x_it.o(i.DebugMon_Handler) for DebugMon_Handler
    startup_stm32f10x_hd.o(RESET) refers to stm32f10x_it.o(i.PendSV_Handler) for PendSV_Handler
    startup_stm32f10x_hd.o(RESET) refers to stm32f10x_it.o(i.SysTick_Handler) for SysTick_Handler
    startup_stm32f10x_hd.o(RESET) refers to usart.o(i.USART1_IRQHandler) for USART1_IRQHandler
    startup_stm32f10x_hd.o(.text) refers (Special) to heapauxi.o(.text) for __use_two_region_memory
    startup_stm32f10x_hd.o(.text) refers to system_stm32f10x.o(i.SystemInit) for SystemInit
    startup_stm32f10x_hd.o(.text) refers to __main.o(!!!main) for __main
    startup_stm32f10x_hd.o(.text) refers to startup_stm32f10x_hd.o(HEAP) for Heap_Mem
    startup_stm32f10x_hd.o(.text) refers to startup_stm32f10x_hd.o(STACK) for Stack_Mem
    stm32f10x_gpio.o(i.GPIO_AFIODeInit) refers to stm32f10x_rcc.o(i.RCC_APB2PeriphResetCmd) for RCC_APB2PeriphResetCmd
[...]
    Removing lcd.o(i.LCD_DisplayOn), (96 bytes).
    Removing lcd.o(i.LCD_DrawLine), (176 bytes).
    Removing lcd.o(i.LCD_DrawPoint), (36 bytes).
    Removing lcd.o(i.LCD_DrawRectangle), (60 bytes).
    Removing lcd.o(i.LCD_Draw_Circle), (152 bytes).
    Removing lcd.o(i.LCD_Fill), (188 bytes).
    Removing lcd.o(i.LCD_Pow), (22 bytes).
    Removing lcd.o(i.LCD_ReadPoint), (364 bytes).
    Removing lcd.o(i.LCD_Set_Window), (532 bytes).
    Removing lcd.o(i.LCD_ShowNum), (148 bytes).
    Removing lcd.o(i.LCD_ShowxNum), (190 bytes).
    Removing lcd.o(i.LCD_WriteRAM), (12 bytes).
    Removing lcd.o(i.opt_delay), (14 bytes).
    Removing iic.o(i.IIC_Ack), (52 bytes).

272 unused section(s) (total 12267 bytes) removed from the image.

==============================================================================

Image Symbol Table

    Local Symbols

    Symbol Name                              Value     Ov Type        Size  Object(Section)

    ../clib/angel/boardlib.s                 0x00000000   Number         0  boardshut.o ABSOLUTE
    ../clib/angel/boardlib.s                 0x00000000   Number         0  boardinit3.o ABSOLUTE
    ../clib/angel/boardlib.s                 0x00000000   Number         0  boardinit2.o ABSOLUTE
    ../clib/angel/boardlib.s                 0x00000000   Number         0  boardinit1.o ABSOLUTE
    ../clib/angel/handlers.s                 0x00000000   Number         0  __scatter_copy.o ABSOLUTE
    ../clib/angel/handlers.s                 0x00000000   Number         0  __scatter_zi.o ABSOLUTE
    ../clib/angel/kernel.s                   0x00000000   Number         0  __rtentry.o ABSOLUTE
    ../clib/angel/kernel.s                   0x00000000   Number         0  __rtentry2.o ABSOLUTE
    ../clib/angel/kernel.s                   0x00000000   Number         0  __rtentry4.o ABSOLUTE
    ../clib/angel/kernel.s                   0x00000000   Number         0  rtexit.o ABSOLUTE
    ../clib/angel/kernel.s                   0x00000000   Number         0  rtexit2.o ABSOLUTE
    ../clib/angel/rt.s                       0x00000000   Number         0  rt_locale.o ABSOLUTE
    ../clib/angel/rt.s                       0x00000000   Number         0  rt_raise.o ABSOLUTE
    ../clib/angel/rt.s                       0x00000000   Number         0  rt_locale_intlibspace.o ABSOLUTE
    ../clib/angel/scatter.s                  0x00000000   Number         0  __scatter.o ABSOLUTE
    ../clib/angel/startup.s                  0x00000000   Number         0  __main.o ABSOLUTE
    ../clib/angel/sys.s                      0x00000000   Number         0  sys_stackheap_outer.o ABSOLUTE
    ../clib/angel/sys.s                      0x00000000   Number         0  use_no_semi_2.o ABSOLUTE
    ../clib/angel/sys.s                      0x00000000   Number         0  use_no_semi.o ABSOLUTE
    ../clib/angel/sys.s                      0x00000000   Number         0  libspace.o ABSOLUTE
    ../clib/angel/sys.s                      0x00000000   Number         0  indicate_semi.o ABSOLUTE
    ../clib/angel/sysapp.c                   0x00000000   Number         0  sys_command.o ABSOLUTE
    ../clib/angel/sysapp.c                   0x00000000   Number         0  sys_wrch.o ABSOLUTE
    ../clib/armsys.c                         0x00000000   Number         0  argv_veneer.o ABSOLUTE
    ../clib/armsys.c                         0x00000000   Number         0  argv_veneer.o ABSOLUTE
    ../clib/armsys.c                         0x00000000   Number         0  _get_argv_nomalloc.o ABSOLUTE
    ../clib/armsys.c                         0x00000000   Number         0  no_argv.o ABSOLUTE
    ../clib/bigflt.c                         0x00000000   Number         0  bigflt0.o ABSOLUTE
    ../clib/btod.s                           0x00000000   Number         0  btod.o ABSOLUTE
    ../clib/heapalloc.c                      0x00000000   Number         0  hrguard.o ABSOLUTE
    ../clib/heapaux.c                        0x00000000   Number         0  heapauxi.o ABSOLUTE
    ../clib/libinit.s                        0x00000000   Number         0  libinit.o ABSOLUTE
    ../clib/libinit.s                        0x00000000   Number         0  libinit2.o ABSOLUTE
    ../clib/libinit.s                        0x00000000   Number         0  libshutdown2.o ABSOLUTE
    ../clib/libinit.s                        0x00000000   Number         0  libshutdown.o ABSOLUTE
    ../clib/locale.s                         0x00000000   Number         0  lc_numeric_c.o ABSOLUTE
    ../clib/longlong.s                       0x00000000   Number         0  lludiv10.o ABSOLUTE
    ../clib/memcpset.s                       0x00000000   Number         0  strcmpv7m.o ABSOLUTE
    ../clib/printf.c                         0x00000000   Number         0  _sputc.o ABSOLUTE
    ../clib/printf.c                         0x00000000   Number         0  _printf_intcommon.o ABSOLUTE
    ../clib/printf.c                         0x00000000   Number         0  _printf_fp_dec.o ABSOLUTE
    ../clib/printf.c                         0x00000000   Number         0  __printf_ss.o ABSOLUTE
    ../clib/printf.c                         0x00000000   Number         0  _printf_hex_int_ptr.o ABSOLUTE
    ../clib/printf.c                         0x00000000   Number         0  __2sprintf.o ABSOLUTE
    ../clib/printf.c                         0x00000000   Number         0  _printf_hex_ll_ptr.o ABSOLUTE
    ../clib/printf.c                         0x00000000   Number         0  _printf_hex_int_ll_ptr.o ABSOLUTE
    ../clib/printf.c                         0x00000000   Number         0  __printf_flags.o ABSOLUTE
    ../clib/printf.c                         0x00000000   Number         0  __printf_flags_ss.o ABSOLUTE
    ../clib/printf.c                         0x00000000   Number         0  _printf_char_common.o ABSOLUTE
    ../clib/printf.c                         0x00000000   Number         0  __printf_flags_wp.o ABSOLUTE
    ../clib/printf.c                         0x00000000   Number         0  __printf_ss_wp.o ABSOLUTE
    ../clib/printf.c                         0x00000000   Number         0  __printf_flags_ss_wp.o ABSOLUTE
    ../clib/printf.c                         0x00000000   Number         0  __2printf.o ABSOLUTE
    ../clib/printf.c                         0x00000000   Number         0  _printf_char_file.o ABSOLUTE
    ../clib/printf.c                         0x00000000   Number         0  noretval__2printf.o ABSOLUTE
    ../clib/printf.c                         0x00000000   Number         0  __printf_wp.o ABSOLUTE
    ../clib/printf.c                         0x00000000   Number         0  noretval__2sprintf.o ABSOLUTE
    ../clib/printf.c                         0x00000000   Number         0  __printf_nopercent.o ABSOLUTE
    ../clib/printf.c                         0x00000000   Number         0  __printf.o ABSOLUTE
    ../clib/printf.c                         0x00000000   Number         0  _printf_fp_infnan.o ABSOLUTE
    ../clib/printf.c                         0x00000000   Number         0  _printf_hex_ll.o ABSOLUTE
    ../clib/printf.c                         0x00000000   Number         0  _printf_hex_int.o ABSOLUTE
    ../clib/printf.c                         0x00000000   Number         0  _printf_hex_int_ll.o ABSOLUTE
    ../clib/printf.c                         0x00000000   Number         0  _printf_hex_ptr.o ABSOLUTE
    ../clib/printf_percent.s                 0x00000000   Number         0  _printf_f.o ABSOLUTE
    ../clib/printf_percent.s                 0x00000000   Number         0  _printf_x.o ABSOLUTE
    ../clib/printf_percent.s                 0x00000000   Number         0  _printf_percent.o ABSOLUTE
    ../clib/printf_percent.s                 0x00000000   Number         0  _printf_percent_end.o ABSOLUTE
    ../clib/signal.c                         0x00000000   Number         0  __raise.o ABSOLUTE
    ../clib/signal.c                         0x00000000   Number         0  defsig_rtmem_inner.o ABSOLUTE
    ../clib/signal.c                         0x00000000   Number         0  defsig_exit.o ABSOLUTE
    ../clib/signal.c                         0x00000000   Number         0  defsig_rtmem_outer.o ABSOLUTE
    ../clib/signal.c                         0x00000000   Number         0  defsig_abrt_inner.o ABSOLUTE
    ../clib/signal.c                         0x00000000   Number         0  defsig_other.o ABSOLUTE
    ../clib/signal.c                         0x00000000   Number         0  defsig_segv_inner.o ABSOLUTE
    ../clib/signal.c                         0x00000000   Number         0  defsig_cppl_inner.o ABSOLUTE
    ../clib/signal.c                         0x00000000   Number         0  defsig_pvfn_inner.o ABSOLUTE
    ../clib/signal.c                         0x00000000   Number         0  defsig_stak_inner.o ABSOLUTE
    ../clib/signal.c                         0x00000000   Number         0  defsig_rtred_inner.o ABSOLUTE
    ../clib/signal.c                         0x00000000   Number         0  defsig_fpe_inner.o ABSOLUTE
    ../clib/signal.c                         0x00000000   Number         0  defsig_rtmem_formal.o ABSOLUTE
    ../clib/signal.c                         0x00000000   Number         0  defsig_general.o ABSOLUTE
    ../clib/signal.s                         0x00000000   Number         0  defsig.o ABSOLUTE
    ../clib/stdio.c                          0x00000000   Number         0  ferror.o ABSOLUTE
    ../clib/stdio.c                          0x00000000   Number         0  ferror_locked.o ABSOLUTE
    ../clib/stdlib.c                         0x00000000   Number         0  exit.o ABSOLUTE
    ../fplib/d2f.s                           0x00000000   Number         0  d2f.o ABSOLUTE
    ../fplib/ddiv.s                          0x00000000   Number         0  ddiv.o ABSOLUTE
    ../fplib/dfixu.s                         0x00000000   Number         0  dfixu.o ABSOLUTE
    ../fplib/dflt.s                          0x00000000   Number         0  dflt_clz.o ABSOLUTE
    ../fplib/dmul.s                          0x00000000   Number         0  dmul.o ABSOLUTE
    ../fplib/dnaninf.s                       0x00000000   Number         0  dnaninf.o ABSOLUTE
    ../fplib/dretinf.s                       0x00000000   Number         0  dretinf.o ABSOLUTE
    ../fplib/f2d.s                           0x00000000   Number         0  f2d.o ABSOLUTE
    ../fplib/fdiv.s                          0x00000000   Number         0  fdiv.o ABSOLUTE
    ../fplib/fflt.s                          0x00000000   Number         0  fflt_clz.o ABSOLUTE
    ../fplib/fmul.s                          0x00000000   Number         0  fmul.o ABSOLUTE
    ../fplib/fnaninf.s                       0x00000000   Number         0  fnaninf.o ABSOLUTE
    ../fplib/fpinit.s                        0x00000000   Number         0  fpinit.o ABSOLUTE
    ../fplib/fretinf.s                       0x00000000   Number         0  fretinf.o ABSOLUTE
    ../fplib/istatus.s                       0x00000000   Number         0  istatus.o ABSOLUTE
    ../fplib/printf1.s                       0x00000000   Number         0  printf1.o ABSOLUTE
    ../fplib/usenofp.s                       0x00000000   Number         0  usenofp.o ABSOLUTE
    ../mathlib/fpclassify.c                  0x00000000   Number         0  fpclassify.o ABSOLUTE
    ..\CORE\core_cm3.c                       0x00000000   Number         0  core_cm3.o ABSOLUTE
    ..\CORE\startup_stm32f10x_hd.s           0x00000000   Number         0  startup_stm32f10x_hd.o ABSOLUTE
    ..\HARDWARE\IIC.c                        0x00000000   Number         0  iic.o ABSOLUTE
    ..\HARDWARE\MOTOR.C                      0x00000000   Number         0  motor.o ABSOLUTE
    ..\HARDWARE\MPU9250_IIC.c                0x00000000   Number         0  mpu9250_iic.o ABSOLUTE
    ..\HARDWARE\key.c                        0x00000000   Number         0  key.o ABSOLUTE
    ..\HARDWARE\lcd.c                        0x00000000   Number         0  lcd.o ABSOLUTE
    ..\STM32F10x_FWLib\src\misc.c            0x00000000   Number         0  misc.o ABSOLUTE
    ..\STM32F10x_FWLib\src\stm32f10x_exti.c  0x00000000   Number         0  stm32f10x_exti.o ABSOLUTE
    ..\STM32F10x_FWLib\src\stm32f10x_fsmc.c  0x00000000   Number         0  stm32f10x_fsmc.o ABSOLUTE
    ..\STM32F10x_FWLib\src\stm32f10x_gpio.c  0x00000000   Number         0  stm32f10x_gpio.o ABSOLUTE
    ..\STM32F10x_FWLib\src\stm32f10x_i2c.c   0x00000000   Number         0  stm32f10x_i2c.o ABSOLUTE
    ..\STM32F10x_FWLib\src\stm32f10x_rcc.c   0x00000000   Number         0  stm32f10x_rcc.o ABSOLUTE
    ..\STM32F10x_FWLib\src\stm32f10x_spi.c   0x00000000   Number         0  stm32f10x_spi.o ABSOLUTE
    ..\STM32F10x_FWLib\src\stm32f10x_tim.c   0x00000000   Number         0  stm32f10x_tim.o ABSOLUTE
    ..\STM32F10x_FWLib\src\stm32f10x_usart.c 0x00000000   Number         0  stm32f10x_usart.o ABSOLUTE
    ..\SYSTEM\delay\delay.c                  0x00000000   Number         0  delay.o ABSOLUTE
    ..\SYSTEM\sys\sys.c                      0x00000000   Number         0  sys.o ABSOLUTE
    ..\SYSTEM\usart\usart.c                  0x00000000   Number         0  usart.o ABSOLUTE
    ..\\CORE\\core_cm3.c                     0x00000000   Number         0  core_cm3.o ABSOLUTE
    ..\\SYSTEM\\sys\\sys.c                   0x00000000   Number         0  sys.o ABSOLUTE
    dc.s                                     0x00000000   Number         0  dc.o ABSOLUTE
    main.c                                   0x00000000   Number         0  main.o ABSOLUTE
    stm32f10x_it.c                           0x00000000   Number         0  stm32f10x_it.o ABSOLUTE
    system_stm32f10x.c                       0x00000000   Number         0  system_stm32f10x.o ABSOLUTE
    RESET                                    0x08000000   Section      304  startup_stm32f10x_hd.o(RESET)
    !!!main                                  0x08000130   Section        8  __main.o(!!!main)
    !!!scatter                               0x08000138   Section       52  __scatter.o(!!!scatter)
    !!handler_copy                           0x0800016c   Section       26  __scatter_copy.o(!!handler_copy)
    !!handler_zi                             0x08000188   Section       28  __scatter_zi.o(!!handler_zi)
    .ARM.Collect$$_printf_percent$$00000000  0x080001a4   Section        0  _printf_percent.o(.ARM.Collect$$_printf_percent$$00000000)
    .ARM.Collect$$_printf_percent$$00000003  0x080001a4   Section        6  _printf_f.o(.ARM.Collect$$_printf_percent$$00000003)
    .ARM.Collect$$_printf_percent$$0000000C  0x080001aa   Section        6  _printf_x.o(.ARM.Collect$$_printf_percent$$0000000C)
    .ARM.Collect$$_printf_percent$$00000017  0x080001b0   Section        4  _printf_percent_end.o(.ARM.Collect$$_printf_percent$$00000017)
    .ARM.Collect$$libinit$$00000000          0x080001b4   Section        2  libinit.o(.ARM.Collect$$libinit$$00000000)
    .ARM.Collect$$libinit$$00000002          0x080001b6   Section        0  libinit2.o(.ARM.Collect$$libinit$$00000002)
    .ARM.Collect$$libinit$$00000004          0x080001b6   Section        0  libinit2.o(.ARM.Collect$$libinit$$00000004)
    .ARM.Collect$$libinit$$0000000A          0x080001b6   Section        0  libinit2.o(.ARM.Collect$$libinit$$0000000A)
    .ARM.Collect$$libinit$$0000000C          0x080001b6   Section        0  libinit2.o(.ARM.Collect$$libinit$$0000000C)
    .ARM.Collect$$libinit$$0000000E          0x080001b6   Section        0  libinit2.o(.ARM.Collect$$libinit$$0000000E)
    .ARM.Collect$$libinit$$0000000F          0x080001b6   Section        6  libinit2.o(.ARM.Collect$$libinit$$0000000F)
    .ARM.Collect$$libinit$$00000011          0x080001bc   Section        0  libinit2.o(.ARM.Collect$$libinit$$00000011)
    .ARM.Collect$$libinit$$00000013          0x080001bc   Section        0  libinit2.o(.ARM.Collect$$libinit$$00000013)
    .ARM.Collect$$libinit$$00000015          0x080001bc   Section        0  libinit2.o(.ARM.Collect$$libinit$$00000015)
    .ARM.Collect$$libinit$$00000016          0x080001bc   Section       10  libinit2.o(.ARM.Collect$$libinit$$00000016)
    .ARM.Collect$$libinit$$00000017          0x080001c6   Section        0  libinit2.o(.ARM.Collect$$libinit$$00000017)
    .ARM.Collect$$libinit$$00000019          0x080001c6   Section        0  libinit2.o(.ARM.Collect$$libinit$$00000019)
    .ARM.Collect$$libinit$$0000001B          0x080001c6   Section        0  libinit2.o(.ARM.Collect$$libinit$$0000001B)
    .ARM.Collect$$libinit$$0000001D          0x080001c6   Section        0  libinit2.o(.ARM.Collect$$libinit$$0000001D)
    .ARM.Collect$$libinit$$0000001F          0x080001c6   Section        0  libinit2.o(.ARM.Collect$$libinit$$0000001F)
    .ARM.Collect$$libinit$$00000021          0x080001c6   Section        0  libinit2.o(.ARM.Collect$$libinit$$00000021)
    .ARM.Collect$$libinit$$00000023          0x080001c6   Section        0  libinit2.o(.ARM.Collect$$libinit$$00000023)
    .ARM.Collect$$libinit$$00000025          0x080001c6   Section        0  libinit2.o(.ARM.Collect$$libinit$$00000025)
    .ARM.Collect$$libinit$$0000002C          0x080001c6   Section        0  libinit2.o(.ARM.Collect$$libinit$$0000002C)
    .ARM.Collect$$libinit$$0000002E          0x080001c6   Section        0  libinit2.o(.ARM.Collect$$libinit$$0000002E)
    .ARM.Collect$$libinit$$00000030          0x080001c6   Section        0  libinit2.o(.ARM.Collect$$libinit$$00000030)
    .ARM.Collect$$libinit$$00000032          0x080001c6   Section        0  libinit2.o(.ARM.Collect$$libinit$$00000032)
    .ARM.Collect$$libinit$$00000033          0x080001c6   Section        2  libinit2.o(.ARM.Collect$$libinit$$00000033)
    .ARM.Collect$$libshutdown$$00000000      0x080001c8   Section        2  libshutdown.o(.ARM.Collect$$libshutdown$$00000000)
    .ARM.Collect$$libshutdown$$00000003      0x080001ca   Section        0  libshutdown2.o(.ARM.Collect$$libshutdown$$00000003)
    .ARM.Collect$$libshutdown$$00000006      0x080001ca   Section        0  libshutdown2.o(.ARM.Collect$$libshutdown$$00000006)
    .ARM.Collect$$libshutdown$$00000009      0x080001ca   Section        0  libshutdown2.o(.ARM.Collect$$libshutdown$$00000009)
    .ARM.Collect$$libshutdown$$0000000B      0x080001ca   Section        0  libshutdown2.o(.ARM.Collect$$libshutdown$$0000000B)
    .ARM.Collect$$libshutdown$$0000000E      0x080001ca   Section        0  libshutdown2.o(.ARM.Collect$$libshutdown$$0000000E)
    .ARM.Collect$$libshutdown$$0000000F      0x080001ca   Section        2  libshutdown2.o(.ARM.Collect$$libshutdown$$0000000F)
    .ARM.Collect$$rtentry$$00000000          0x080001cc   Section        0  __rtentry.o(.ARM.Collect$$rtentry$$00000000)
    .ARM.Collect$$rtentry$$00000002          0x080001cc   Section        0  __rtentry2.o(.ARM.Collect$$rtentry$$00000002)
    .ARM.Collect$$rtentry$$00000004          0x080001cc   Section        6  __rtentry4.o(.ARM.Collect$$rtentry$$00000004)
    .ARM.Collect$$rtentry$$00000009          0x080001d2   Section        0  __rtentry2.o(.ARM.Collect$$rtentry$$00000009)
    .ARM.Collect$$rtentry$$0000000A          0x080001d2   Section        4  __rtentry2.o(.ARM.Collect$$rtentry$$0000000A)
    .ARM.Collect$$rtentry$$0000000C          0x080001d6   Section        0  __rtentry2.o(.ARM.Collect$$rtentry$$0000000C)
    .ARM.Collect$$rtentry$$0000000D          0x080001d6   Section        8  __rtentry2.o(.ARM.Collect$$rtentry$$0000000D)
    .ARM.Collect$$rtexit$$00000000           0x080001de   Section        2  rtexit.o(.ARM.Collect$$rtexit$$00000000)
    .ARM.Collect$$rtexit$$00000002           0x080001e0   Section        0  rtexit2.o(.ARM.Collect$$rtexit$$00000002)
    .ARM.Collect$$rtexit$$00000003           0x080001e0   Section        4  rtexit2.o(.ARM.Collect$$rtexit$$00000003)
    .ARM.Collect$$rtexit$$00000004           0x080001e4   Section        6  rtexit2.o(.ARM.Collect$$rtexit$$00000004)
    .text                                    0x080001ec   Section       64  startup_stm32f10x_hd.o(.text)
    .text                                    0x0800022c   Section        2  use_no_semi_2.o(.text)
    .text                                    0x08000230   Section        0  noretval__2printf.o(.text)
    .text                                    0x08000248   Section        0  noretval__2sprintf.o(.text)
    .text                                    0x08000270   Section        0  __printf.o(.text)
    .text                                    0x080002d8   Section        0  _printf_hex_int.o(.text)
    .text                                    0x08000330   Section        0  heapauxi.o(.text)
    .text                                    0x08000336   Section        2  use_no_semi.o(.text)
    .text                                    0x08000338   Section        0  _printf_intcommon.o(.text)
    .text                                    0x080003ea   Section        0  _printf_fp_dec.o(.text)
    _fp_digits                               0x080003ed   Thumb Code   428  _printf_fp_dec.o(.text)
    .text                                    0x08000804   Section        0  _printf_char_common.o(.text)
    _printf_input_char                       0x08000805   Thumb Code    10  _printf_char_common.o(.text)
    .text                                    0x08000834   Section        0  _sputc.o(.text)
    .text                                    0x08000840   Section        0  _printf_char_file.o(.text)
    .text                                    0x08000864   Section        8  rt_locale_intlibspace.o(.text)
    .text                                    0x0800086c   Section      138  lludiv10.o(.text)
    .text                                    0x080008f8   Section        0  _printf_fp_infnan.o(.text)
    .text                                    0x08000978   Section        0  bigflt0.o(.text)
    .text                                    0x08000a54   Section        0  ferror.o(.text)
    .text                                    0x08000a5c   Section        8  libspace.o(.text)
    .text                                    0x08000a64   Section       74  sys_stackheap_outer.o(.text)
    .text                                    0x08000aae   Section        0  exit.o(.text)
    .text                                    0x08000abc   Section      128  strcmpv7m.o(.text)
    CL$$btod_d2e                             0x08000b3c   Section       62  btod.o(CL$$btod_d2e)
    CL$$btod_d2e_denorm_low                  0x08000b7a   Section       70  btod.o(CL$$btod_d2e_denorm_low)
    CL$$btod_d2e_norm_op1                    0x08000bc0   Section       96  btod.o(CL$$btod_d2e_norm_op1)
    CL$$btod_div_common                      0x08000c20   Section      824  btod.o(CL$$btod_div_common)
    CL$$btod_e2e                             0x08000f58   Section      198  btod.o(CL$$btod_e2e)
    CL$$btod_ediv                            0x0800101e   Section       40  btod.o(CL$$btod_ediv)
    CL$$btod_emul                            0x08001046   Section       40  btod.o(CL$$btod_emul)
    CL$$btod_mult_common                     0x0800106e   Section      580  btod.o(CL$$btod_mult_common)
    i.BusFault_Handler                       0x080012b2   Section        0  stm32f10x_it.o(i.BusFault_Handler)
    i.DebugMon_Handler                       0x080012b6   Section        0  stm32f10x_it.o(i.DebugMon_Handler)
    i.FSMC_NORSRAMCmd                        0x080012b8   Section        0  stm32f10x_fsmc.o(i.FSMC_NORSRAMCmd)
    i.FSMC_NORSRAMInit                       0x080012ec   Section        0  stm32f10x_fsmc.o(i.FSMC_NORSRAMInit)
    i.GPIO_Init                              0x080013d2   Section        0  stm32f10x_gpio.o(i.GPIO_Init)
    i.HardFault_Handler                      0x080014e8   Section        0  stm32f10x_it.o(i.HardFault_Handler)
    i.IIC_GPIO_Config                        0x080014ec   Section        0  iic.o(i.IIC_GPIO_Config)
    i.IIC_NoAck                              0x08001510   Section        0  iic.o(i.IIC_NoAck)
    i.IIC_RadeByte                           0x08001544   Section        0  iic.o(i.IIC_RadeByte)
    i.IIC_SendByte                           0x08001598   Section        0  iic.o(i.IIC_SendByte)
    i.IIC_Start                              0x080015ec   Section        0  iic.o(i.IIC_Start)
    i.IIC_Stop                               0x08001644   Section        0  iic.o(i.IIC_Stop)
    i.IIC_WaitAck                            0x08001678   Section        0  iic.o(i.IIC_WaitAck)
    i.IIC_delay                              0x080016c8   Section        0  iic.o(i.IIC_delay)
    i.LCD_Clear                              0x080016d8   Section        0  lcd.o(i.LCD_Clear)
    i.LCD_Display_Dir                        0x08001744   Section        0  lcd.o(i.LCD_Display_Dir)
    i.LCD_Fast_DrawPoint                     0x08001904   Section        0  lcd.o(i.LCD_Fast_DrawPoint)
    i.LCD_Init                               0x08001a80   Section        0  lcd.o(i.LCD_Init)
    i.LCD_RD_DATA                            0x080051f4   Section        0  lcd.o(i.LCD_RD_DATA)
    i.LCD_ReadReg                            0x08005208   Section        0  lcd.o(i.LCD_ReadReg)
    i.LCD_SSD_BackLightSet                   0x08005220   Section        0  lcd.o(i.LCD_SSD_BackLightSet)
    i.LCD_Scan_Dir                           0x08005274   Section        0  lcd.o(i.LCD_Scan_Dir)
    i.LCD_SetCursor                          0x08005560   Section        0  lcd.o(i.LCD_SetCursor)
    i.LCD_ShowChar                           0x08005708   Section        0  lcd.o(i.LCD_ShowChar)
    i.LCD_ShowString                         0x08005830   Section        0  lcd.o(i.LCD_ShowString)
    i.LCD_WR_DATA                            0x08005898   Section        0  lcd.o(i.LCD_WR_DATA)
    i.LCD_WR_REG                             0x080058a4   Section        0  lcd.o(i.LCD_WR_REG)
    i.LCD_WriteRAM_Prepare                   0x080058b0   Section        0  lcd.o(i.LCD_WriteRAM_Prepare)
    i.LCD_WriteReg                           0x080058c4   Section        0  lcd.o(i.LCD_WriteReg)
    i.MPU9250_Init                           0x080058d4   Section        0  mpu9250_iic.o(i.MPU9250_Init)
    i.MemManage_Handler                      0x0800590e   Section        0  stm32f10x_it.o(i.MemManage_Handler)
    i.NMI_Handler                            0x08005912   Section        0  stm32f10x_it.o(i.NMI_Handler)
    i.NVIC_Init                              0x08005914   Section        0  misc.o(i.NVIC_Init)
    i.NVIC_PriorityGroupConfig               0x08005984   Section        0  misc.o(i.NVIC_PriorityGroupConfig)
    i.PendSV_Handler                         0x08005998   Section        0  stm32f10x_it.o(i.PendSV_Handler)
    i.RCC_AHBPeriphClockCmd                  0x0800599c   Section        0  stm32f10x_rcc.o(i.RCC_AHBPeriphClockCmd)
    i.RCC_APB2PeriphClockCmd                 0x080059bc   Section        0  stm32f10x_rcc.o(i.RCC_APB2PeriphClockCmd)
    i.RCC_GetClocksFreq                      0x080059dc   Section        0  stm32f10x_rcc.o(i.RCC_GetClocksFreq)
    i.READ_MPU9250_ACCEL                     0x08005ab0   Section        0  mpu9250_iic.o(i.READ_MPU9250_ACCEL)
    i.READ_MPU9250_GYRO                      0x08005bac   Section        0  mpu9250_iic.o(i.READ_MPU9250_GYRO)
    i.READ_MPU9250_MAG                       0x08005cd0   Section        0  mpu9250_iic.o(i.READ_MPU9250_MAG)
    i.SVC_Handler                            0x08005db4   Section        0  stm32f10x_it.o(i.SVC_Handler)
    i.SetSysClock                            0x08005db6   Section        0  system_stm32f10x.o(i.SetSysClock)
    SetSysClock                              0x08005db7   Thumb Code     8  system_stm32f10x.o(i.SetSysClock)
    i.SetSysClockTo72                        0x08005dc0   Section        0  system_stm32f10x.o(i.SetSysClockTo72)
    SetSysClockTo72                          0x08005dc1   Thumb Code   214  system_stm32f10x.o(i.SetSysClockTo72)
    i.Single_Read                            0x08005ea0   Section        0  iic.o(i.Single_Read)
    i.Single_Write                           0x08005efc   Section        0  iic.o(i.Single_Write)
    i.SysTick_CLKSourceConfig                0x08005f42   Section        0  misc.o(i.SysTick_CLKSourceConfig)
    i.SysTick_Handler                        0x08005f6a   Section        0  stm32f10x_it.o(i.SysTick_Handler)
    i.SystemInit                             0x08005f6c   Section        0  system_stm32f10x.o(i.SystemInit)
    i.USART1_IRQHandler                      0x08005fcc   Section        0  usart.o(i.USART1_IRQHandler)
    i.USART_Cmd                              0x08006054   Section        0  stm32f10x_usart.o(i.USART_Cmd)
    i.USART_GetITStatus                      0x0800606c   Section        0  stm32f10x_usart.o(i.USART_GetITStatus)
    i.USART_ITConfig                         0x080060c0   Section        0  stm32f10x_usart.o(i.USART_ITConfig)
    i.USART_Init                             0x0800610c   Section        0  stm32f10x_usart.o(i.USART_Init)
    i.USART_ReceiveData                      0x080061e4   Section        0  stm32f10x_usart.o(i.USART_ReceiveData)
    i.UsageFault_Handler                     0x080061ee   Section        0  stm32f10x_it.o(i.UsageFault_Handler)
    i.__ARM_fpclassify                       0x080061f2   Section        0  fpclassify.o(i.__ARM_fpclassify)
    i._sys_exit                              0x0800621a   Section        0  usart.o(i._sys_exit)
    i.delay5ms                               0x08006220   Section        0  iic.o(i.delay5ms)
    i.delay_init                             0x08006230   Section        0  delay.o(i.delay_init)
    i.delay_ms                               0x08006274   Section        0  delay.o(i.delay_ms)
    i.delay_us                               0x080062c0   Section        0  delay.o(i.delay_us)
    i.fputc                                  0x0800630c   Section        0  usart.o(i.fputc)
    i.main                                   0x08006328   Section        0  main.o(i.main)
    i.showData                               0x08006354   Section        0  mpu9250_iic.o(i.showData)
    i.show_Init                              0x08006514   Section        0  mpu9250_iic.o(i.show_Init)
    i.uart_init                              0x08006638   Section        0  usart.o(i.uart_init)
    locale$$code                             0x080066d8   Section       44  lc_numeric_c.o(locale$$code)
    x$fpl$d2f                                0x08006704   Section       98  d2f.o(x$fpl$d2f)
    x$fpl$ddiv                               0x08006768   Section      688  ddiv.o(x$fpl$ddiv)
    ddiv_entry                               0x0800676f   Thumb Code     0  ddiv.o(x$fpl$ddiv)
    x$fpl$dfixu                              0x08006a18   Section       90  dfixu.o(x$fpl$dfixu)
    x$fpl$dflt                               0x08006a72   Section       46  dflt_clz.o(x$fpl$dflt)
    x$fpl$dfltu                              0x08006aa0   Section       38  dflt_clz.o(x$fpl$dfltu)
    x$fpl$dmul                               0x08006ac8   Section      340  dmul.o(x$fpl$dmul)
    x$fpl$dnaninf                            0x08006c1c   Section      156  dnaninf.o(x$fpl$dnaninf)
    x$fpl$dretinf                            0x08006cb8   Section       12  dretinf.o(x$fpl$dretinf)
    x$fpl$f2d                                0x08006cc4   Section       86  f2d.o(x$fpl$f2d)
    x$fpl$fdiv                               0x08006d1c   Section      388  fdiv.o(x$fpl$fdiv)
    _fdiv1                                   0x08006d1d   Thumb Code     0  fdiv.o(x$fpl$fdiv)
    x$fpl$fflt                               0x08006ea0   Section       48  fflt_clz.o(x$fpl$fflt)
    x$fpl$fmul                               0x08006ed0   Section      258  fmul.o(x$fpl$fmul)
    x$fpl$fnaninf                            0x08006fd2   Section      140  fnaninf.o(x$fpl$fnaninf)
    x$fpl$fretinf                            0x0800705e   Section       10  fretinf.o(x$fpl$fretinf)
    x$fpl$printf1                            0x08007068   Section        4  printf1.o(x$fpl$printf1)
    .constdata                               0x0800706c   Section     6080  lcd.o(.constdata)
    x$fpl$usenofp                            0x0800706c   Section        0  usenofp.o(x$fpl$usenofp)
    .constdata                               0x0800882c   Section       40  _printf_hex_int.o(.constdata)
    uc_hextab                                0x0800882c   Data          20  _printf_hex_int.o(.constdata)
    lc_hextab                                0x08008840   Data          20  _printf_hex_int.o(.constdata)
    .constdata                               0x08008854   Section      148  bigflt0.o(.constdata)
    tenpwrs_x                                0x08008854   Data          60  bigflt0.o(.constdata)
    tenpwrs_i                                0x08008890   Data          64  bigflt0.o(.constdata)
    locale$$data                             0x08008908   Section       28  lc_numeric_c.o(locale$$data)
    __lcnum_c_name                           0x0800890c   Data           2  lc_numeric_c.o(locale$$data)
    __lcnum_c_start                          0x08008914   Data           0  lc_numeric_c.o(locale$$data)
    __lcnum_c_point                          0x08008920   Data           0  lc_numeric_c.o(locale$$data)
    __lcnum_c_thousands                      0x08008922   Data           0  lc_numeric_c.o(locale$$data)
    __lcnum_c_grouping                       0x08008923   Data           0  lc_numeric_c.o(locale$$data)
    __lcnum_c_end                            0x08008924   Data           0  lc_numeric_c.o(locale$$data)
    .data                                    0x20000000   Section       20  system_stm32f10x.o(.data)
    .data                                    0x20000014   Section        4  delay.o(.data)
    fac_us                                   0x20000014   Data           1  delay.o(.data)
    fac_ms                                   0x20000016   Data           2  delay.o(.data)
    .data                                    0x20000018   Section        6  usart.o(.data)
    .data                                    0x2000001e   Section       20  stm32f10x_rcc.o(.data)
    APBAHBPrescTable                         0x2000001e   Data          16  stm32f10x_rcc.o(.data)
    ADCPrescTable                            0x2000002e   Data           4  stm32f10x_rcc.o(.data)
    .data                                    0x20000032   Section        4  lcd.o(.data)
    .data                                    0x20000038   Section       44  mpu9250_iic.o(.data)
    .data                                    0x20000064   Section        1  iic.o(.data)
    .bss                                     0x20000068   Section      200  usart.o(.bss)
    .bss                                     0x20000130   Section       14  lcd.o(.bss)
    .bss                                     0x2000013e   Section       40  mpu9250_iic.o(.bss)
    .bss                                     0x20000168   Section       96  libspace.o(.bss)
    HEAP                                     0x200001c8   Section      512  startup_stm32f10x_hd.o(HEAP)
    Heap_Mem                                 0x200001c8   Data         512  startup_stm32f10x_hd.o(HEAP)
    STACK                                    0x200003c8   Section     1024  startup_stm32f10x_hd.o(STACK)
    Stack_Mem                                0x200003c8   Data        1024  startup_stm32f10x_hd.o(STACK)
    __initial_sp                             0x200007c8   Data           0  startup_stm32f10x_hd.o(STACK)

    Global Symbols

    Symbol Name                              Value     Ov Type        Size  Object(Section)

    BuildAttributes$$THM_ISAv4$P$D$K$B$S$PE$A:L22UL41UL21$X:L11$S22US41US21$IEEE1$IW$USESV6$~STKCKD$USESV7$~SHL$OTIME$ROPI$IEEEJ$EBA8$UX$STANDARDLIB$REQ8$PRES8$EABIv2 0x00000000   Number         0  anon$$obj.o ABSOLUTE
    __ARM_use_no_argv                        0x00000000   Number         0  main.o ABSOLUTE
    __ARM_exceptions_init                     - Undefined Weak Reference
    __alloca_initialize                       - Undefined Weak Reference
    __arm_preinit_                            - Undefined Weak Reference
    __cpp_initialize__aeabi_                  - Undefined Weak Reference
    __cxa_finalize                            - Undefined Weak Reference
    __sigvec_lookup                           - Undefined Weak Reference
    _atexit_init                              - Undefined Weak Reference
    _call_atexit_fns                          - Undefined Weak Reference
    _clock_init                               - Undefined Weak Reference
    _fp_trap_init                             - Undefined Weak Reference
    _fp_trap_shutdown                         - Undefined Weak Reference
    _get_lc_collate                           - Undefined Weak Reference
    _get_lc_ctype                             - Undefined Weak Reference
    _get_lc_monetary                          - Undefined Weak Reference
    _get_lc_time                              - Undefined Weak Reference
    _getenv_init                              - Undefined Weak Reference
    _handle_redirection                       - Undefined Weak Reference
    _init_alloc                               - Undefined Weak Reference
    _init_user_alloc                          - Undefined Weak Reference
    _initio                                   - Undefined Weak Reference
    _mutex_acquire                            - Undefined Weak Reference
    _mutex_release                            - Undefined Weak Reference
    _printf_post_padding                      - Undefined Weak Reference
    _printf_pre_padding                       - Undefined Weak Reference
    _printf_truncate_unsigned                 - Undefined Weak Reference
    _rand_init                                - Undefined Weak Reference
    _signal_finish                            - Undefined Weak Reference
    _signal_init                              - Undefined Weak Reference
    _terminate_alloc                          - Undefined Weak Reference
    _terminate_user_alloc                     - Undefined Weak Reference
    _terminateio                              - Undefined Weak Reference
    __Vectors_Size                           0x00000130   Number         0  startup_stm32f10x_hd.o ABSOLUTE
    __Vectors                                0x08000000   Data           4  startup_stm32f10x_hd.o(RESET)
    __Vectors_End                            0x08000130   Data           0  startup_stm32f10x_hd.o(RESET)
    __main                                   0x08000131   Thumb Code     8  __main.o(!!!main)
    __scatterload                            0x08000139   Thumb Code     0  __scatter.o(!!!scatter)
    __scatterload_rt2                        0x08000139   Thumb Code    44  __scatter.o(!!!scatter)
    __scatterload_rt2_thumb_only             0x08000139   Thumb Code     0  __scatter.o(!!!scatter)
    __scatterload_null                       0x08000147   Thumb Code     0  __scatter.o(!!!scatter)
    __scatterload_copy                       0x0800016d   Thumb Code    26  __scatter_copy.o(!!handler_copy)
    __scatterload_zeroinit                   0x08000189   Thumb Code    28  __scatter_zi.o(!!handler_zi)
    _printf_f                                0x080001a5   Thumb Code     0  _printf_f.o(.ARM.Collect$$_printf_percent$$00000003)
    _printf_percent                          0x080001a5   Thumb Code     0  _printf_percent.o(.ARM.Collect$$_printf_percent$$00000000)
    _printf_x                                0x080001ab   Thumb Code     0  _printf_x.o(.ARM.Collect$$_printf_percent$$0000000C)
    _printf_percent_end                      0x080001b1   Thumb Code     0  _printf_percent_end.o(.ARM.Collect$$_printf_percent$$00000017)
    __rt_lib_init                            0x080001b5   Thumb Code     0  libinit.o(.ARM.Collect$$libinit$$00000000)
    __rt_lib_init_fp_1                       0x080001b7   Thumb Code     0  libinit2.o(.ARM.Collect$$libinit$$00000002)
    __rt_lib_init_heap_1                     0x080001b7   Thumb Code     0  libinit2.o(.ARM.Collect$$libinit$$0000000A)
    __rt_lib_init_lc_common                  0x080001b7   Thumb Code     0  libinit2.o(.ARM.Collect$$libinit$$0000000F)
    __rt_lib_init_preinit_1                  0x080001b7   Thumb Code     0  libinit2.o(.ARM.Collect$$libinit$$00000004)
    __rt_lib_init_rand_1                     0x080001b7   Thumb Code     0  libinit2.o(.ARM.Collect$$libinit$$0000000E)
    __rt_lib_init_user_alloc_1               0x080001b7   Thumb Code     0  libinit2.o(.ARM.Collect$$libinit$$0000000C)
    __rt_lib_init_lc_collate_1               0x080001bd   Thumb Code     0  libinit2.o(.ARM.Collect$$libinit$$00000011)
    __rt_lib_init_lc_ctype_1                 0x080001bd   Thumb Code     0  libinit2.o(.ARM.Collect$$libinit$$00000013)
    __rt_lib_init_lc_monetary_1              0x080001bd   Thumb Code     0  libinit2.o(.ARM.Collect$$libinit$$00000015)
    __rt_lib_init_lc_numeric_2               0x080001bd   Thumb Code     0  libinit2.o(.ARM.Collect$$libinit$$00000016)
    __rt_lib_init_alloca_1                   0x080001c7   Thumb Code     0  libinit2.o(.ARM.Collect$$libinit$$0000002E)
    __rt_lib_init_argv_1                     0x080001c7   Thumb Code     0  libinit2.o(.ARM.Collect$$libinit$$0000002C)
    __rt_lib_init_atexit_1                   0x080001c7   Thumb Code     0  libinit2.o(.ARM.Collect$$libinit$$0000001B)
    __rt_lib_init_clock_1                    0x080001c7   Thumb Code     0  libinit2.o(.ARM.Collect$$libinit$$00000021)
    __rt_lib_init_cpp_1                      0x080001c7   Thumb Code     0  libinit2.o(.ARM.Collect$$libinit$$00000032)
    __rt_lib_init_exceptions_1               0x080001c7   Thumb Code     0  libinit2.o(.ARM.Collect$$libinit$$00000030)
    __rt_lib_init_fp_trap_1                  0x080001c7   Thumb Code     0  libinit2.o(.ARM.Collect$$libinit$$0000001F)
    __rt_lib_init_getenv_1                   0x080001c7   Thumb Code     0  libinit2.o(.ARM.Collect$$libinit$$00000023)
    __rt_lib_init_lc_numeric_1               0x080001c7   Thumb Code     0  libinit2.o(.ARM.Collect$$libinit$$00000017)
    __rt_lib_init_lc_time_1                  0x080001c7   Thumb Code     0  libinit2.o(.ARM.Collect$$libinit$$00000019)
    __rt_lib_init_return                     0x080001c7   Thumb Code     0  libinit2.o(.ARM.Collect$$libinit$$00000033)
    __rt_lib_init_signal_1                   0x080001c7   Thumb Code     0  libinit2.o(.ARM.Collect$$libinit$$0000001D)
    __rt_lib_init_stdio_1                    0x080001c7   Thumb Code     0  libinit2.o(.ARM.Collect$$libinit$$00000025)
    __rt_lib_shutdown                        0x080001c9   Thumb Code     0  libshutdown.o(.ARM.Collect$$libshutdown$$00000000)
    __rt_lib_shutdown_fp_trap_1              0x080001cb   Thumb Code     0  libshutdown2.o(.ARM.Collect$$libshutdown$$00000006)
    __rt_lib_shutdown_heap_1                 0x080001cb   Thumb Code     0  libshutdown2.o(.ARM.Collect$$libshutdown$$0000000E)
    __rt_lib_shutdown_return                 0x080001cb   Thumb Code     0  libshutdown2.o(.ARM.Collect$$libshutdown$$0000000F)
    __rt_lib_shutdown_signal_1               0x080001cb   Thumb Code     0  libshutdown2.o(.ARM.Collect$$libshutdown$$00000009)
    __rt_lib_shutdown_stdio_1                0x080001cb   Thumb Code     0  libshutdown2.o(.ARM.Collect$$libshutdown$$00000003)
    __rt_lib_shutdown_user_alloc_1           0x080001cb   Thumb Code     0  libshutdown2.o(.ARM.Collect$$libshutdown$$0000000B)
    __rt_entry                               0x080001cd   Thumb Code     0  __rtentry.o(.ARM.Collect$$rtentry$$00000000)
    __rt_entry_presh_1                       0x080001cd   Thumb Code     0  __rtentry2.o(.ARM.Collect$$rtentry$$00000002)
    __rt_entry_sh                            0x080001cd   Thumb Code     0  __rtentry4.o(.ARM.Collect$$rtentry$$00000004)
    __rt_entry_li                            0x080001d3   Thumb Code     0  __rtentry2.o(.ARM.Collect$$rtentry$$0000000A)
    __rt_entry_postsh_1                      0x080001d3   Thumb Code     0  __rtentry2.o(.ARM.Collect$$rtentry$$00000009)
    __rt_entry_main                          0x080001d7   Thumb Code     0  __rtentry2.o(.ARM.Collect$$rtentry$$0000000D)
    __rt_entry_postli_1                      0x080001d7   Thumb Code     0  __rtentry2.o(.ARM.Collect$$rtentry$$0000000C)
    __rt_exit                                0x080001df   Thumb Code     0  rtexit.o(.ARM.Collect$$rtexit$$00000000)
    __rt_exit_ls                             0x080001e1   Thumb Code     0  rtexit2.o(.ARM.Collect$$rtexit$$00000003)
    __rt_exit_prels_1                        0x080001e1   Thumb Code     0  rtexit2.o(.ARM.Collect$$rtexit$$00000002)
    __rt_exit_exit                           0x080001e5   Thumb Code     0  rtexit2.o(.ARM.Collect$$rtexit$$00000004)
    Reset_Handler                            0x080001ed   Thumb Code     8  startup_stm32f10x_hd.o(.text)
    ADC1_2_IRQHandler                        0x08000207   Thumb Code     0  startup_stm32f10x_hd.o(.text)
    ADC3_IRQHandler                          0x08000207   Thumb Code     0  startup_stm32f10x_hd.o(.text)
    CAN1_RX1_IRQHandler                      0x08000207   Thumb Code     0  startup_stm32f10x_hd.o(.text)
    CAN1_SCE_IRQHandler                      0x08000207   Thumb Code     0  startup_stm32f10x_hd.o(.text)
    DMA1_Channel1_IRQHandler                 0x08000207   Thumb Code     0  startup_stm32f10x_hd.o(.text)
    DMA1_Channel2_IRQHandler                 0x08000207   Thumb Code     0  startup_stm32f10x_hd.o(.text)
    DMA1_Channel3_IRQHandler                 0x08000207   Thumb Code     0  startup_stm32f10x_hd.o(.text)
    DMA1_Channel4_IRQHandler                 0x08000207   Thumb Code     0  startup_stm32f10x_hd.o(.text)
    DMA1_Channel5_IRQHandler                 0x08000207   Thumb Code     0  startup_stm32f10x_hd.o(.text)
    DMA1_Channel6_IRQHandler                 0x08000207   Thumb Code     0  startup_stm32f10x_hd.o(.text)
    DMA1_Channel7_IRQHandler                 0x08000207   Thumb Code     0  startup_stm32f10x_hd.o(.text)
    DMA2_Channel1_IRQHandler                 0x08000207   Thumb Code     0  startup_stm32f10x_hd.o(.text)
    DMA2_Channel2_IRQHandler                 0x08000207   Thumb Code     0  startup_stm32f10x_hd.o(.text)
    DMA2_Channel3_IRQHandler                 0x08000207   Thumb Code     0  startup_stm32f10x_hd.o(.text)
    DMA2_Channel4_5_IRQHandler               0x08000207   Thumb Code     0  startup_stm32f10x_hd.o(.text)
    EXTI0_IRQHandler                         0x08000207   Thumb Code     0  startup_stm32f10x_hd.o(.text)
    EXTI15_10_IRQHandler                     0x08000207   Thumb Code     0  startup_stm32f10x_hd.o(.text)
    EXTI1_IRQHandler                         0x08000207   Thumb Code     0  startup_stm32f10x_hd.o(.text)
    EXTI2_IRQHandler                         0x08000207   Thumb Code     0  startup_stm32f10x_hd.o(.text)
    EXTI3_IRQHandler                         0x08000207   Thumb Code     0  startup_stm32f10x_hd.o(.text)
    EXTI4_IRQHandler                         0x08000207   Thumb Code     0  startup_stm32f10x_hd.o(.text)
    EXTI9_5_IRQHandler                       0x08000207   Thumb Code     0  startup_stm32f10x_hd.o(.text)
    FLASH_IRQHandler                         0x08000207   Thumb Code     0  startup_stm32f10x_hd.o(.text)
    FSMC_IRQHandler                          0x08000207   Thumb Code     0  startup_stm32f10x_hd.o(.text)
    I2C1_ER_IRQHandler                       0x08000207   Thumb Code     0  startup_stm32f10x_hd.o(.text)
    I2C1_EV_IRQHandler                       0x08000207   Thumb Code     0  startup_stm32f10x_hd.o(.text)
    I2C2_ER_IRQHandler                       0x08000207   Thumb Code     0  startup_stm32f10x_hd.o(.text)
    I2C2_EV_IRQHandler                       0x08000207   Thumb Code     0  startup_stm32f10x_hd.o(.text)
    PVD_IRQHandler                           0x08000207   Thumb Code     0  startup_stm32f10x_hd.o(.text)
    RCC_IRQHandler                           0x08000207   Thumb Code     0  startup_stm32f10x_hd.o(.text)
    RTCAlarm_IRQHandler                      0x08000207   Thumb Code     0  startup_stm32f10x_hd.o(.text)
    RTC_IRQHandler                           0x08000207   Thumb Code     0  startup_stm32f10x_hd.o(.text)
    SDIO_IRQHandler                          0x08000207   Thumb Code     0  startup_stm32f10x_hd.o(.text)
    SPI1_IRQHandler                          0x08000207   Thumb Code     0  startup_stm32f10x_hd.o(.text)
    SPI2_IRQHandler                          0x08000207   Thumb Code     0  startup_stm32f10x_hd.o(.text)
    SPI3_IRQHandler                          0x08000207   Thumb Code     0  startup_stm32f10x_hd.o(.text)
    TAMPER_IRQHandler                        0x08000207   Thumb Code     0  startup_stm32f10x_hd.o(.text)
    TIM1_BRK_IRQHandler                      0x08000207   Thumb Code     0  startup_stm32f10x_hd.o(.text)
    TIM1_CC_IRQHandler                       0x08000207   Thumb Code     0  startup_stm32f10x_hd.o(.text)
    TIM1_TRG_COM_IRQHandler                  0x08000207   Thumb Code     0  startup_stm32f10x_hd.o(.text)
    TIM1_UP_IRQHandler                       0x08000207   Thumb Code     0  startup_stm32f10x_hd.o(.text)
    TIM2_IRQHandler                          0x08000207   Thumb Code     0  startup_stm32f10x_hd.o(.text)
    TIM3_IRQHandler                          0x08000207   Thumb Code     0  startup_stm32f10x_hd.o(.text)
    TIM4_IRQHandler                          0x08000207   Thumb Code     0  startup_stm32f10x_hd.o(.text)
    TIM5_IRQHandler                          0x08000207   Thumb Code     0  startup_stm32f10x_hd.o(.text)
    TIM6_IRQHandler                          0x08000207   Thumb Code     0  startup_stm32f10x_hd.o(.text)
    TIM7_IRQHandler                          0x08000207   Thumb Code     0  startup_stm32f10x_hd.o(.text)
    TIM8_BRK_IRQHandler                      0x08000207   Thumb Code     0  startup_stm32f10x_hd.o(.text)
    TIM8_CC_IRQHandler                       0x08000207   Thumb Code     0  startup_stm32f10x_hd.o(.text)
    TIM8_TRG_COM_IRQHandler                  0x08000207   Thumb Code     0  startup_stm32f10x_hd.o(.text)
    TIM8_UP_IRQHandler                       0x08000207   Thumb Code     0  startup_stm32f10x_hd.o(.text)
    UART4_IRQHandler                         0x08000207   Thumb Code     0  startup_stm32f10x_hd.o(.text)
    UART5_IRQHandler                         0x08000207   Thumb Code     0  startup_stm32f10x_hd.o(.text)
    USART2_IRQHandler                        0x08000207   Thumb Code     0  startup_stm32f10x_hd.o(.text)
    USART3_IRQHandler                        0x08000207   Thumb Code     0  startup_stm32f10x_hd.o(.text)
    USBWakeUp_IRQHandler                     0x08000207   Thumb Code     0  startup_stm32f10x_hd.o(.text)
    USB_HP_CAN1_TX_IRQHandler                0x08000207   Thumb Code     0  startup_stm32f10x_hd.o(.text)
    USB_LP_CAN1_RX0_IRQHandler               0x08000207   Thumb Code     0  startup_stm32f10x_hd.o(.text)
    WWDG_IRQHandler                          0x08000207   Thumb Code     0  startup_stm32f10x_hd.o(.text)
    __user_initial_stackheap                 0x08000209   Thumb Code     0  startup_stm32f10x_hd.o(.text)
    __use_no_semihosting                     0x0800022d   Thumb Code     2  use_no_semi_2.o(.text)
    __2printf                                0x08000231   Thumb Code    20  noretval__2printf.o(.text)
    __2sprintf                               0x08000249   Thumb Code    34  noretval__2sprintf.o(.text)
    __printf                                 0x08000271   Thumb Code   104  __printf.o(.text)
    _printf_int_hex                          0x080002d9   Thumb Code    84  _printf_hex_int.o(.text)
    _printf_longlong_hex                     0x080002d9   Thumb Code     0  _printf_hex_int.o(.text)
    __use_two_region_memory                  0x08000331   Thumb Code     2  heapauxi.o(.text)
    __rt_heap_escrow$2region                 0x08000333   Thumb Code     2  heapauxi.o(.text)
    __rt_heap_expand$2region                 0x08000335   Thumb Code     2  heapauxi.o(.text)
    __I$use$semihosting                      0x08000337   Thumb Code     0  use_no_semi.o(.text)
    __use_no_semihosting_swi                 0x08000337   Thumb Code     2  use_no_semi.o(.text)
    _printf_int_common                       0x08000339   Thumb Code   178  _printf_intcommon.o(.text)
    __lib_sel_fp_printf                      0x080003eb   Thumb Code     2  _printf_fp_dec.o(.text)
    _printf_fp_dec_real                      0x08000599   Thumb Code   620  _printf_fp_dec.o(.text)
    _printf_char_common                      0x0800080f   Thumb Code    32  _printf_char_common.o(.text)
    _sputc                                   0x08000835   Thumb Code    10  _sputc.o(.text)
    _printf_char_file                        0x08000841   Thumb Code    32  _printf_char_file.o(.text)
    __rt_locale                              0x08000865   Thumb Code     8  rt_locale_intlibspace.o(.text)
    _ll_udiv10                               0x0800086d   Thumb Code   138  lludiv10.o(.text)
    _printf_fp_infnan                        0x080008f9   Thumb Code   112  _printf_fp_infnan.o(.text)
    _btod_etento                             0x08000979   Thumb Code   216  bigflt0.o(.text)
    ferror                                   0x08000a55   Thumb Code     8  ferror.o(.text)
    __user_libspace                          0x08000a5d   Thumb Code     8  libspace.o(.text)
    __user_perproc_libspace                  0x08000a5d   Thumb Code     0  libspace.o(.text)
    __user_perthread_libspace                0x08000a5d   Thumb Code     0  libspace.o(.text)
    __user_setup_stackheap                   0x08000a65   Thumb Code    74  sys_stackheap_outer.o(.text)
    exit                                     0x08000aaf   Thumb Code    12  exit.o(.text)
    strcmp                                   0x08000abd   Thumb Code   128  strcmpv7m.o(.text)
    _btod_d2e                                0x08000b3d   Thumb Code    62  btod.o(CL$$btod_d2e)
    _d2e_denorm_low                          0x08000b7b   Thumb Code    70  btod.o(CL$$btod_d2e_denorm_low)
    _d2e_norm_op1                            0x08000bc1   Thumb Code    96  btod.o(CL$$btod_d2e_norm_op1)
    __btod_div_common                        0x08000c21   Thumb Code   696  btod.o(CL$$btod_div_common)
    _e2e                                     0x08000f59   Thumb Code   198  btod.o(CL$$btod_e2e)
    _btod_ediv                               0x0800101f   Thumb Code    40  btod.o(CL$$btod_ediv)
    _btod_emul                               0x08001047   Thumb Code    40  btod.o(CL$$btod_emul)
    __btod_mult_common                       0x0800106f   Thumb Code   580  btod.o(CL$$btod_mult_common)
    BusFault_Handler                         0x080012b3   Thumb Code     4  stm32f10x_it.o(i.BusFault_Handler)
    DebugMon_Handler                         0x080012b7   Thumb Code     2  stm32f10x_it.o(i.DebugMon_Handler)
    FSMC_NORSRAMCmd                          0x080012b9   Thumb Code    46  stm32f10x_fsmc.o(i.FSMC_NORSRAMCmd)
    FSMC_NORSRAMInit                         0x080012ed   Thumb Code   230  stm32f10x_fsmc.o(i.FSMC_NORSRAMInit)
    GPIO_Init                                0x080013d3   Thumb Code   278  stm32f10x_gpio.o(i.GPIO_Init)
    HardFault_Handler                        0x080014e9   Thumb Code     4  stm32f10x_it.o(i.HardFault_Handler)
    IIC_GPIO_Config                          0x080014ed   Thumb Code    30  iic.o(i.IIC_GPIO_Config)
    IIC_NoAck                                0x08001511   Thumb Code    48  iic.o(i.IIC_NoAck)
    IIC_RadeByte                             0x08001545   Thumb Code    78  iic.o(i.IIC_RadeByte)
    IIC_SendByte                             0x08001599   Thumb Code    78  iic.o(i.IIC_SendByte)
    IIC_Start                                0x080015ed   Thumb Code    84  iic.o(i.IIC_Start)
    IIC_Stop                                 0x08001645   Thumb Code    48  iic.o(i.IIC_Stop)
    IIC_WaitAck                              0x08001679   Thumb Code    76  iic.o(i.IIC_WaitAck)
    IIC_delay                                0x080016c9   Thumb Code    14  iic.o(i.IIC_delay)
    LCD_Clear                                0x080016d9   Thumb Code   100  lcd.o(i.LCD_Clear)
    LCD_Display_Dir                          0x08001745   Thumb Code   444  lcd.o(i.LCD_Display_Dir)
    LCD_Fast_DrawPoint                       0x08001905   Thumb Code   370  lcd.o(i.LCD_Fast_DrawPoint)
    LCD_Init                                 0x08001a81   Thumb Code 14186  lcd.o(i.LCD_Init)
    LCD_RD_DATA                              0x080051f5   Thumb Code    14  lcd.o(i.LCD_RD_DATA)
    LCD_ReadReg                              0x08005209   Thumb Code    22  lcd.o(i.LCD_ReadReg)
    LCD_SSD_BackLightSet                     0x08005221   Thumb Code    80  lcd.o(i.LCD_SSD_BackLightSet)
    LCD_Scan_Dir                             0x08005275   Thumb Code   744  lcd.o(i.LCD_Scan_Dir)
    LCD_SetCursor                            0x08005561   Thumb Code   418  lcd.o(i.LCD_SetCursor)
    LCD_ShowChar                             0x08005709   Thumb Code   272  lcd.o(i.LCD_ShowChar)
    LCD_ShowString                           0x08005831   Thumb Code   102  lcd.o(i.LCD_ShowString)
    LCD_WR_DATA                              0x08005899   Thumb Code     6  lcd.o(i.LCD_WR_DATA)
    LCD_WR_REG                               0x080058a5   Thumb Code     6  lcd.o(i.LCD_WR_REG)
    LCD_WriteRAM_Prepare                     0x080058b1   Thumb Code    10  lcd.o(i.LCD_WriteRAM_Prepare)
    LCD_WriteReg                             0x080058c5   Thumb Code    10  lcd.o(i.LCD_WriteReg)
    MPU9250_Init                             0x080058d5   Thumb Code    58  mpu9250_iic.o(i.MPU9250_Init)
    MemManage_Handler                        0x0800590f   Thumb Code     4  stm32f10x_it.o(i.MemManage_Handler)
    NMI_Handler                              0x08005913   Thumb Code     2  stm32f10x_it.o(i.NMI_Handler)
    NVIC_Init                                0x08005915   Thumb Code   100  misc.o(i.NVIC_Init)
    NVIC_PriorityGroupConfig                 0x08005985   Thumb Code    10  misc.o(i.NVIC_PriorityGroupConfig)
    PendSV_Handler                           0x08005999   Thumb Code     2  stm32f10x_it.o(i.PendSV_Handler)
    RCC_AHBPeriphClockCmd                    0x0800599d   Thumb Code    26  stm32f10x_rcc.o(i.RCC_AHBPeriphClockCmd)
    RCC_APB2PeriphClockCmd                   0x080059bd   Thumb Code    26  stm32f10x_rcc.o(i.RCC_APB2PeriphClockCmd)
    RCC_GetClocksFreq                        0x080059dd   Thumb Code   192  stm32f10x_rcc.o(i.RCC_GetClocksFreq)
    READ_MPU9250_ACCEL                       0x08005ab1   Thumb Code   220  mpu9250_iic.o(i.READ_MPU9250_ACCEL)
    READ_MPU9250_GYRO                        0x08005bad   Thumb Code   256  mpu9250_iic.o(i.READ_MPU9250_GYRO)
    READ_MPU9250_MAG                         0x08005cd1   Thumb Code   198  mpu9250_iic.o(i.READ_MPU9250_MAG)
    SVC_Handler                              0x08005db5   Thumb Code     2  stm32f10x_it.o(i.SVC_Handler)
    Single_Read                              0x08005ea1   Thumb Code    86  iic.o(i.Single_Read)
    Single_Write                             0x08005efd   Thumb Code    70  iic.o(i.Single_Write)
    SysTick_CLKSourceConfig                  0x08005f43   Thumb Code    40  misc.o(i.SysTick_CLKSourceConfig)
    SysTick_Handler                          0x08005f6b   Thumb Code     2  stm32f10x_it.o(i.SysTick_Handler)
    SystemInit                               0x08005f6d   Thumb Code    78  system_stm32f10x.o(i.SystemInit)
    USART1_IRQHandler                        0x08005fcd   Thumb Code   122  usart.o(i.USART1_IRQHandler)
    USART_Cmd                                0x08006055   Thumb Code    24  stm32f10x_usart.o(i.USART_Cmd)
    USART_GetITStatus                        0x0800606d   Thumb Code    84  stm32f10x_usart.o(i.USART_GetITStatus)
    USART_ITConfig                           0x080060c1   Thumb Code    74  stm32f10x_usart.o(i.USART_ITConfig)
    USART_Init                               0x0800610d   Thumb Code   210  stm32f10x_usart.o(i.USART_Init)
    USART_ReceiveData                        0x080061e5   Thumb Code    10  stm32f10x_usart.o(i.USART_ReceiveData)
    UsageFault_Handler                       0x080061ef   Thumb Code     4  stm32f10x_it.o(i.UsageFault_Handler)
    __ARM_fpclassify                         0x080061f3   Thumb Code    40  fpclassify.o(i.__ARM_fpclassify)
    _sys_exit                                0x0800621b   Thumb Code     6  usart.o(i._sys_exit)
    delay5ms                                 0x08006221   Thumb Code    14  iic.o(i.delay5ms)
    delay_init                               0x08006231   Thumb Code    50  delay.o(i.delay_init)
    delay_ms                                 0x08006275   Thumb Code    72  delay.o(i.delay_ms)
    delay_us                                 0x080062c1   Thumb Code    72  delay.o(i.delay_us)
    fputc                                    0x0800630d   Thumb Code    24  usart.o(i.fputc)
    main                                     0x08006329   Thumb Code    44  main.o(i.main)
    showData                                 0x08006355   Thumb Code   400  mpu9250_iic.o(i.showData)
    show_Init                                0x08006515   Thumb Code   252  mpu9250_iic.o(i.show_Init)
    uart_init                                0x08006639   Thumb Code   152  usart.o(i.uart_init)
    _get_lc_numeric                          0x080066d9   Thumb Code    44  lc_numeric_c.o(locale$$code)
    __aeabi_d2f                              0x08006705   Thumb Code     0  d2f.o(x$fpl$d2f)
    _d2f                                     0x08006705   Thumb Code    98  d2f.o(x$fpl$d2f)
    __aeabi_ddiv                             0x08006769   Thumb Code     0  ddiv.o(x$fpl$ddiv)
    _ddiv                                    0x08006769   Thumb Code   552  ddiv.o(x$fpl$ddiv)
    __aeabi_d2uiz                            0x08006a19   Thumb Code     0  dfixu.o(x$fpl$dfixu)
    _dfixu                                   0x08006a19   Thumb Code    90  dfixu.o(x$fpl$dfixu)
    __aeabi_i2d                              0x08006a73   Thumb Code     0  dflt_clz.o(x$fpl$dflt)
    _dflt                                    0x08006a73   Thumb Code    46  dflt_clz.o(x$fpl$dflt)
    __aeabi_ui2d                             0x08006aa1   Thumb Code     0  dflt_clz.o(x$fpl$dfltu)
    _dfltu                                   0x08006aa1   Thumb Code    38  dflt_clz.o(x$fpl$dfltu)
    __aeabi_dmul                             0x08006ac9   Thumb Code     0  dmul.o(x$fpl$dmul)
    _dmul                                    0x08006ac9   Thumb Code   332  dmul.o(x$fpl$dmul)
    __fpl_dnaninf                            0x08006c1d   Thumb Code   156  dnaninf.o(x$fpl$dnaninf)
    __fpl_dretinf                            0x08006cb9   Thumb Code    12  dretinf.o(x$fpl$dretinf)
    __aeabi_f2d                              0x08006cc5   Thumb Code     0  f2d.o(x$fpl$f2d)
    _f2d                                     0x08006cc5   Thumb Code    86  f2d.o(x$fpl$f2d)
    __aeabi_fdiv                             0x08006d1d   Thumb Code     0  fdiv.o(x$fpl$fdiv)
    _fdiv                                    0x08006d1d   Thumb Code   384  fdiv.o(x$fpl$fdiv)
    __aeabi_i2f                              0x08006ea1   Thumb Code     0  fflt_clz.o(x$fpl$fflt)
    _fflt                                    0x08006ea1   Thumb Code    48  fflt_clz.o(x$fpl$fflt)
    __aeabi_fmul                             0x08006ed1   Thumb Code     0  fmul.o(x$fpl$fmul)
    _fmul                                    0x08006ed1   Thumb Code   258  fmul.o(x$fpl$fmul)
    __fpl_fnaninf                            0x08006fd3   Thumb Code   140  fnaninf.o(x$fpl$fnaninf)
    __fpl_fretinf                            0x0800705f   Thumb Code    10  fretinf.o(x$fpl$fretinf)
    _printf_fp_dec                           0x08007069   Thumb Code     4  printf1.o(x$fpl$printf1)
    __I$use$fp                               0x0800706c   Number         0  usenofp.o(x$fpl$usenofp)
    asc2_1206                                0x0800706c   Data        1140  lcd.o(.constdata)
    asc2_1608                                0x080074e0   Data        1520  lcd.o(.constdata)
    asc2_2412                                0x08007ad0   Data        3420  lcd.o(.constdata)
    Region$$Table$$Base                      0x080088e8   Number         0  anon$$obj.o(Region$$Table)
    Region$$Table$$Limit                     0x08008908   Number         0  anon$$obj.o(Region$$Table)
    SystemCoreClock                          0x20000000   Data           4  system_stm32f10x.o(.data)
    AHBPrescTable                            0x20000004   Data          16  system_stm32f10x.o(.data)
    __stdout                                 0x20000018   Data           4  usart.o(.data)
    USART_RX_STA                             0x2000001c   Data           2  usart.o(.data)
    POINT_COLOR                              0x20000032   Data           2  lcd.o(.data)
    BACK_COLOR                               0x20000034   Data           2  lcd.o(.data)
    T_X                                      0x20000038   Data           2  mpu9250_iic.o(.data)
    T_Y                                      0x2000003a   Data           2  mpu9250_iic.o(.data)
    T_Z                                      0x2000003c   Data           2  mpu9250_iic.o(.data)
    Acc_X                                    0x20000040   Data           4  mpu9250_iic.o(.data)
    Acc_Y                                    0x20000044   Data           4  mpu9250_iic.o(.data)
    Acc_Z                                    0x20000048   Data           4  mpu9250_iic.o(.data)
    GYRO_X                                   0x2000004c   Data           4  mpu9250_iic.o(.data)
    GYRO_Y                                   0x20000050   Data           4  mpu9250_iic.o(.data)
    GYRO_Z                                   0x20000054   Data           4  mpu9250_iic.o(.data)
    MAG_X                                    0x20000058   Data           4  mpu9250_iic.o(.data)
    MAG_Y                                    0x2000005c   Data           4  mpu9250_iic.o(.data)
    MAG_Z                                    0x20000060   Data           4  mpu9250_iic.o(.data)
    test                                     0x20000064   Data           1  iic.o(.data)
    USART_RX_BUF                             0x20000068   Data         200  usart.o(.bss)
    lcddev                                   0x20000130   Data          14  lcd.o(.bss)
    BUF                                      0x2000013e   Data          10  mpu9250_iic.o(.bss)
    str                                      0x20000148   Data          30  mpu9250_iic.o(.bss)
    __libspace_start                         0x20000168   Data          96  libspace.o(.bss)
    __temporary_stack_top$libspace           0x200001c8   Data           0  libspace.o(.bss)



==============================================================================

Memory Map of the image

  Image Entry point : 0x080001ed

  Load Region LR_1 (Base: 0x08000000, Size: 0x0000898c, Max: 0xffffffff, ABSOLUTE)

    Execution Region ER_RO (Base: 0x08000000, Size: 0x00008924, Max: 0xffffffff, ABSOLUTE)

    Base Addr    Size         Type   Attr      Idx    E Section Name        Object

    0x08000000   0x00000130   Data   RO          375    RESET               startup_stm32f10x_hd.o
    0x08000130   0x00000008   Code   RO         2420  * !!!main             c_w.l(__main.o)
    0x08000138   0x00000034   Code   RO         2677    !!!scatter          c_w.l(__scatter.o)
    0x0800016c   0x0000001a   Code   RO         2679    !!handler_copy      c_w.l(__scatter_copy.o)
    0x08000186   0x00000002   PAD
    0x08000188   0x0000001c   Code   RO         2681    !!handler_zi        c_w.l(__scatter_zi.o)
    0x080001a4   0x00000000   Code   RO         2417    .ARM.Collect$$_printf_percent$$00000000  c_w.l(_printf_percent.o)
    0x080001a4   0x00000006   Code   RO         2416    .ARM.Collect$$_printf_percent$$00000003  c_w.l(_printf_f.o)
    0x080001aa   0x00000006   Code   RO         2415    .ARM.Collect$$_printf_percent$$0000000C  c_w.l(_printf_x.o)
    0x080001b0   0x00000004   Code   RO         2469    .ARM.Collect$$_printf_percent$$00000017  c_w.l(_printf_percent_end.o)
    0x080001b4   0x00000002   Code   RO         2555    .ARM.Collect$$libinit$$00000000  c_w.l(libinit.o)
    0x080001b6   0x00000000   Code   RO         2557    .ARM.Collect$$libinit$$00000002  c_w.l(libinit2.o)
    0x080001b6   0x00000000   Code   RO         2559    .ARM.Collect$$libinit$$00000004  c_w.l(libinit2.o)
    0x080001b6   0x00000000   Code   RO         2562    .ARM.Collect$$libinit$$0000000A  c_w.l(libinit2.o)
    0x080001b6   0x00000000   Code   RO         2564    .ARM.Collect$$libinit$$0000000C  c_w.l(libinit2.o)
    0x080001b6   0x00000000   Code   RO         2566    .ARM.Collect$$libinit$$0000000E  c_w.l(libinit2.o)
    0x080001b6   0x00000006   Code   RO         2567    .ARM.Collect$$libinit$$0000000F  c_w.l(libinit2.o)
    0x080001bc   0x00000000   Code   RO         2569    .ARM.Collect$$libinit$$00000011  c_w.l(libinit2.o)
    0x080001bc   0x00000000   Code   RO         2571    .ARM.Collect$$libinit$$00000013  c_w.l(libinit2.o)
    0x080001bc   0x00000000   Code   RO         2573    .ARM.Collect$$libinit$$00000015  c_w.l(libinit2.o)
    0x080001bc   0x0000000a   Code   RO         2574    .ARM.Collect$$libinit$$00000016  c_w.l(libinit2.o)
    0x080001c6   0x00000000   Code   RO         2575    .ARM.Collect$$libinit$$00000017  c_w.l(libinit2.o)
    0x080001c6   0x00000000   Code   RO         2577    .ARM.Collect$$libinit$$00000019  c_w.l(libinit2.o)
    0x080001c6   0x00000000   Code   RO         2579    .ARM.Collect$$libinit$$0000001B  c_w.l(libinit2.o)
    0x080001c6   0x00000000   Code   RO         2581    .ARM.Collect$$libinit$$0000001D  c_w.l(libinit2.o)
    0x080001c6   0x00000000   Code   RO         2583    .ARM.Collect$$libinit$$0000001F  c_w.l(libinit2.o)
    0x080001c6   0x00000000   Code   RO         2585    .ARM.Collect$$libinit$$00000021  c_w.l(libinit2.o)
    0x080001c6   0x00000000   Code   RO         2587    .ARM.Collect$$libinit$$00000023  c_w.l(libinit2.o)
    0x080001c6   0x00000000   Code   RO         2589    .ARM.Collect$$libinit$$00000025  c_w.l(libinit2.o)
    0x080001c6   0x00000000   Code   RO         2593    .ARM.Collect$$libinit$$0000002C  c_w.l(libinit2.o)
    0x080001c6   0x00000000   Code   RO         2595    .ARM.Collect$$libinit$$0000002E  c_w.l(libinit2.o)
    0x080001c6   0x00000000   Code   RO         2597    .ARM.Collect$$libinit$$00000030  c_w.l(libinit2.o)
    0x080001c6   0x00000000   Code   RO         2599    .ARM.Collect$$libinit$$00000032  c_w.l(libinit2.o)
    0x080001c6   0x00000002   Code   RO         2600    .ARM.Collect$$libinit$$00000033  c_w.l(libinit2.o)
    0x080001c8   0x00000002   Code   RO         2628    .ARM.Collect$$libshutdown$$00000000  c_w.l(libshutdown.o)
    0x080001ca   0x00000000   Code   RO         2638    .ARM.Collect$$libshutdown$$00000003  c_w.l(libshutdown2.o)
    0x080001ca   0x00000000   Code   RO         2641    .ARM.Collect$$libshutdown$$00000006  c_w.l(libshutdown2.o)
    0x080001ca   0x00000000   Code   RO         2644    .ARM.Collect$$libshutdown$$00000009  c_w.l(libshutdown2.o)
    0x080001ca   0x00000000   Code   RO         2646    .ARM.Collect$$libshutdown$$0000000B  c_w.l(libshutdown2.o)
    0x080001ca   0x00000000   Code   RO         2649    .ARM.Collect$$libshutdown$$0000000E  c_w.l(libshutdown2.o)
    0x080001ca   0x00000002   Code   RO         2650    .ARM.Collect$$libshutdown$$0000000F  c_w.l(libshutdown2.o)
    0x080001cc   0x00000000   Code   RO         2458    .ARM.Collect$$rtentry$$00000000  c_w.l(__rtentry.o)
    0x080001cc   0x00000000   Code   RO         2480    .ARM.Collect$$rtentry$$00000002  c_w.l(__rtentry2.o)
    0x080001cc   0x00000006   Code   RO         2492    .ARM.Collect$$rtentry$$00000004  c_w.l(__rtentry4.o)
    0x080001d2   0x00000000   Code   RO         2482    .ARM.Collect$$rtentry$$00000009  c_w.l(__rtentry2.o)
    0x080001d2   0x00000004   Code   RO         2483    .ARM.Collect$$rtentry$$0000000A  c_w.l(__rtentry2.o)
    0x080001d6   0x00000000   Code   RO         2485    .ARM.Collect$$rtentry$$0000000C  c_w.l(__rtentry2.o)
    0x080001d6   0x00000008   Code   RO         2486    .ARM.Collect$$rtentry$$0000000D  c_w.l(__rtentry2.o)
    0x080001de   0x00000002   Code   RO         2601    .ARM.Collect$$rtexit$$00000000  c_w.l(rtexit.o)
    0x080001e0   0x00000000   Code   RO         2608    .ARM.Collect$$rtexit$$00000002  c_w.l(rtexit2.o)
    0x080001e0   0x00000004   Code   RO         2609    .ARM.Collect$$rtexit$$00000003  c_w.l(rtexit2.o)
    0x080001e4   0x00000006   Code   RO         2610    .ARM.Collect$$rtexit$$00000004  c_w.l(rtexit2.o)
    0x080001ea   0x00000002   PAD
    0x080001ec   0x00000040   Code   RO          376  * .text               startup_stm32f10x_hd.o
    0x0800022c   0x00000002   Code   RO         2362    .text               c_w.l(use_no_semi_2.o)
    0x0800022e   0x00000002   PAD
    0x08000230   0x00000018   Code   RO         2368    .text               c_w.l(noretval__2printf.o)
    0x08000248   0x00000028   Code   RO         2370    .text               c_w.l(noretval__2sprintf.o)
    0x08000270   0x00000068   Code   RO         2372    .text               c_w.l(__printf.o)
    0x080002d8   0x00000058   Code   RO         2377    .text               c_w.l(_printf_hex_int.o)
    0x08000330   0x00000006   Code   RO         2418    .text               c_w.l(heapauxi.o)
    0x08000336   0x00000002   Code   RO         2456    .text               c_w.l(use_no_semi.o)
    0x08000338   0x000000b2   Code   RO         2459    .text               c_w.l(_printf_intcommon.o)
    0x080003ea   0x0000041a   Code   RO         2461    .text               c_w.l(_printf_fp_dec.o)
    0x08000804   0x00000030   Code   RO         2463    .text               c_w.l(_printf_char_common.o)
    0x08000834   0x0000000a   Code   RO         2465    .text               c_w.l(_sputc.o)
    0x0800083e   0x00000002   PAD
    0x08000840   0x00000024   Code   RO         2467    .text               c_w.l(_printf_char_file.o)
    0x08000864   0x00000008   Code   RO         2497    .text               c_w.l(rt_locale_intlibspace.o)
    0x0800086c   0x0000008a   Code   RO         2499    .text               c_w.l(lludiv10.o)
    0x080008f6   0x00000002   PAD
    0x080008f8   0x00000080   Code   RO         2501    .text               c_w.l(_printf_fp_infnan.o)
    0x08000978   0x000000dc   Code   RO         2505    .text               c_w.l(bigflt0.o)
    0x08000a54   0x00000008   Code   RO         2530    .text               c_w.l(ferror.o)
    0x08000a5c   0x00000008   Code   RO         2541    .text               c_w.l(libspace.o)
    0x08000a64   0x0000004a   Code   RO         2544    .text               c_w.l(sys_stackheap_outer.o)
    0x08000aae   0x0000000c   Code   RO         2546    .text               c_w.l(exit.o)
    0x08000aba   0x00000002   PAD
    0x08000abc   0x00000080   Code   RO         2548    .text               c_w.l(strcmpv7m.o)
    0x08000b3c   0x0000003e   Code   RO         2508    CL$$btod_d2e        c_w.l(btod.o)
    0x08000b7a   0x00000046   Code   RO         2510    CL$$btod_d2e_denorm_low  c_w.l(btod.o)
    0x08000bc0   0x00000060   Code   RO         2509    CL$$btod_d2e_norm_op1  c_w.l(btod.o)
    0x08000c20   0x00000338   Code   RO         2518    CL$$btod_div_common  c_w.l(btod.o)
    0x08000f58   0x000000c6   Code   RO         2515    CL$$btod_e2e        c_w.l(btod.o)
    0x0800101e   0x00000028   Code   RO         2512    CL$$btod_ediv       c_w.l(btod.o)
    0x08001046   0x00000028   Code   RO         2511    CL$$btod_emul       c_w.l(btod.o)
    0x0800106e   0x00000244   Code   RO         2517    CL$$btod_mult_common  c_w.l(btod.o)
    0x080012b2   0x00000004   Code   RO          144    i.BusFault_Handler  stm32f10x_it.o
    0x080012b6   0x00000002   Code   RO          145    i.DebugMon_Handler  stm32f10x_it.o
    0x080012b8   0x00000034   Code   RO         1871    i.FSMC_NORSRAMCmd   stm32f10x_fsmc.o
    0x080012ec   0x000000e6   Code   RO         1873    i.FSMC_NORSRAMInit  stm32f10x_fsmc.o
    0x080013d2   0x00000116   Code   RO          476    i.GPIO_Init         stm32f10x_gpio.o
    0x080014e8   0x00000004   Code   RO          146    i.HardFault_Handler  stm32f10x_it.o
    0x080014ec   0x00000024   Code   RO         2277    i.IIC_GPIO_Config   iic.o
    0x08001510   0x00000034   Code   RO         2278    i.IIC_NoAck         iic.o
    0x08001544   0x00000054   Code   RO         2279    i.IIC_RadeByte      iic.o
    0x08001598   0x00000054   Code   RO         2280    i.IIC_SendByte      iic.o
    0x080015ec   0x00000058   Code   RO         2281    i.IIC_Start         iic.o
    0x08001644   0x00000034   Code   RO         2282    i.IIC_Stop          iic.o
    0x08001678   0x00000050   Code   RO         2283    i.IIC_WaitAck       iic.o
    0x080016c8   0x0000000e   Code   RO         2284    i.IIC_delay         iic.o
    0x080016d6   0x00000002   PAD
    0x080016d8   0x0000006c   Code   RO         2018    i.LCD_Clear         lcd.o
    0x08001744   0x000001c0   Code   RO         2022    i.LCD_Display_Dir   lcd.o
    0x08001904   0x0000017c   Code   RO         2027    i.LCD_Fast_DrawPoint  lcd.o
    0x08001a80   0x00003774   Code   RO         2029    i.LCD_Init          lcd.o
    0x080051f4   0x00000014   Code   RO         2031    i.LCD_RD_DATA       lcd.o
    0x08005208   0x00000016   Code   RO         2033    i.LCD_ReadReg       lcd.o
    0x0800521e   0x00000002   PAD
    0x08005220   0x00000054   Code   RO         2034    i.LCD_SSD_BackLightSet  lcd.o
    0x08005274   0x000002ec   Code   RO         2035    i.LCD_Scan_Dir      lcd.o
    0x08005560   0x000001a8   Code   RO         2036    i.LCD_SetCursor     lcd.o
    0x08005708   0x00000128   Code   RO         2038    i.LCD_ShowChar      lcd.o
    0x08005830   0x00000066   Code   RO         2040    i.LCD_ShowString    lcd.o
    0x08005896   0x00000002   PAD
    0x08005898   0x0000000c   Code   RO         2042    i.LCD_WR_DATA       lcd.o
    0x080058a4   0x0000000c   Code   RO         2043    i.LCD_WR_REG        lcd.o
    0x080058b0   0x00000014   Code   RO         2045    i.LCD_WriteRAM_Prepare  lcd.o
    0x080058c4   0x00000010   Code   RO         2046    i.LCD_WriteReg      lcd.o
    0x080058d4   0x0000003a   Code   RO         2227    i.MPU9250_Init      mpu9250_iic.o
    0x0800590e   0x00000004   Code   RO          147    i.MemManage_Handler  stm32f10x_it.o
    0x08005912   0x00000002   Code   RO          148    i.NMI_Handler       stm32f10x_it.o
    0x08005914   0x00000070   Code   RO          380    i.NVIC_Init         misc.o
    0x08005984   0x00000014   Code   RO          381    i.NVIC_PriorityGroupConfig  misc.o
    0x08005998   0x00000002   Code   RO          149    i.PendSV_Handler    stm32f10x_it.o
    0x0800599a   0x00000002   PAD
    0x0800599c   0x00000020   Code   RO          789    i.RCC_AHBPeriphClockCmd  stm32f10x_rcc.o
    0x080059bc   0x00000020   Code   RO          792    i.RCC_APB2PeriphClockCmd  stm32f10x_rcc.o
    0x080059dc   0x000000d4   Code   RO          800    i.RCC_GetClocksFreq  stm32f10x_rcc.o
    0x08005ab0   0x000000fc   Code   RO         2228    i.READ_MPU9250_ACCEL  mpu9250_iic.o
    0x08005bac   0x00000124   Code   RO         2229    i.READ_MPU9250_GYRO  mpu9250_iic.o
    0x08005cd0   0x000000e4   Code   RO         2230    i.READ_MPU9250_MAG  mpu9250_iic.o
    0x08005db4   0x00000002   Code   RO          150    i.SVC_Handler       stm32f10x_it.o
    0x08005db6   0x00000008   Code   RO          233    i.SetSysClock       system_stm32f10x.o
    0x08005dbe   0x00000002   PAD
    0x08005dc0   0x000000e0   Code   RO          234    i.SetSysClockTo72   system_stm32f10x.o
    0x08005ea0   0x0000005c   Code   RO         2285    i.Single_Read       iic.o
    0x08005efc   0x00000046   Code   RO         2286    i.Single_Write      iic.o
    0x08005f42   0x00000028   Code   RO          384    i.SysTick_CLKSourceConfig  misc.o
    0x08005f6a   0x00000002   Code   RO          151    i.SysTick_Handler   stm32f10x_it.o
    0x08005f6c   0x00000060   Code   RO          236    i.SystemInit        system_stm32f10x.o
    0x08005fcc   0x00000088   Code   RO          322    i.USART1_IRQHandler  usart.o
    0x08006054   0x00000018   Code   RO         1684    i.USART_Cmd         stm32f10x_usart.o
    0x0800606c   0x00000054   Code   RO         1688    i.USART_GetITStatus  stm32f10x_usart.o
    0x080060c0   0x0000004a   Code   RO         1690    i.USART_ITConfig    stm32f10x_usart.o
    0x0800610a   0x00000002   PAD
    0x0800610c   0x000000d8   Code   RO         1691    i.USART_Init        stm32f10x_usart.o
    0x080061e4   0x0000000a   Code   RO         1698    i.USART_ReceiveData  stm32f10x_usart.o
    0x080061ee   0x00000004   Code   RO          152    i.UsageFault_Handler  stm32f10x_it.o
    0x080061f2   0x00000028   Code   RO         2539    i.__ARM_fpclassify  m_ws.l(fpclassify.o)
    0x0800621a   0x00000006   Code   RO          323    i._sys_exit         usart.o
    0x08006220   0x0000000e   Code   RO         2287    i.delay5ms          iic.o
    0x0800622e   0x00000002   PAD
    0x08006230   0x00000044   Code   RO          267    i.delay_init        delay.o
    0x08006274   0x0000004c   Code   RO          268    i.delay_ms          delay.o
    0x080062c0   0x0000004c   Code   RO          269    i.delay_us          delay.o
    0x0800630c   0x0000001c   Code   RO          324    i.fputc             usart.o
    0x08006328   0x0000002c   Code   RO            1    i.main              main.o
    0x08006354   0x000001c0   Code   RO         2231    i.showData          mpu9250_iic.o
    0x08006514   0x00000124   Code   RO         2232    i.show_Init         mpu9250_iic.o
    0x08006638   0x000000a0   Code   RO          325    i.uart_init         usart.o
    0x080066d8   0x0000002c   Code   RO         2535    locale$$code        c_w.l(lc_numeric_c.o)
    0x08006704   0x00000062   Code   RO         2422    x$fpl$d2f           fz_ws.l(d2f.o)
    0x08006766   0x00000002   PAD
    0x08006768   0x000002b0   Code   RO         2425    x$fpl$ddiv          fz_ws.l(ddiv.o)
    0x08006a18   0x0000005a   Code   RO         2428    x$fpl$dfixu         fz_ws.l(dfixu.o)
    0x08006a72   0x0000002e   Code   RO         2433    x$fpl$dflt          fz_ws.l(dflt_clz.o)
    0x08006aa0   0x00000026   Code   RO         2432    x$fpl$dfltu         fz_ws.l(dflt_clz.o)
    0x08006ac6   0x00000002   PAD
    0x08006ac8   0x00000154   Code   RO         2438    x$fpl$dmul          fz_ws.l(dmul.o)
    0x08006c1c   0x0000009c   Code   RO         2470    x$fpl$dnaninf       fz_ws.l(dnaninf.o)
    0x08006cb8   0x0000000c   Code   RO         2472    x$fpl$dretinf       fz_ws.l(dretinf.o)
    0x08006cc4   0x00000056   Code   RO         2440    x$fpl$f2d           fz_ws.l(f2d.o)
    0x08006d1a   0x00000002   PAD
    0x08006d1c   0x00000184   Code   RO         2443    x$fpl$fdiv          fz_ws.l(fdiv.o)
    0x08006ea0   0x00000030   Code   RO         2447    x$fpl$fflt          fz_ws.l(fflt_clz.o)
    0x08006ed0   0x00000102   Code   RO         2452    x$fpl$fmul          fz_ws.l(fmul.o)
    0x08006fd2   0x0000008c   Code   RO         2474    x$fpl$fnaninf       fz_ws.l(fnaninf.o)
    0x0800705e   0x0000000a   Code   RO         2476    x$fpl$fretinf       fz_ws.l(fretinf.o)
    0x08007068   0x00000004   Code   RO         2454    x$fpl$printf1       fz_ws.l(printf1.o)
    0x0800706c   0x00000000   Code   RO         2478    x$fpl$usenofp       fz_ws.l(usenofp.o)
    0x0800706c   0x000017c0   Data   RO         2049    .constdata          lcd.o
    0x0800882c   0x00000028   Data   RO         2378    .constdata          c_w.l(_printf_hex_int.o)
    0x08008854   0x00000094   Data   RO         2506    .constdata          c_w.l(bigflt0.o)
    0x080088e8   0x00000020   Data   RO         2675    Region$$Table       anon$$obj.o
    0x08008908   0x0000001c   Data   RO         2534    locale$$data        c_w.l(lc_numeric_c.o)


    Execution Region ER_RW (Base: 0x20000000, Size: 0x00000068, Max: 0xffffffff, ABSOLUTE)

    Base Addr    Size         Type   Attr      Idx    E Section Name        Object

    0x20000000   0x00000014   Data   RW          237    .data               system_stm32f10x.o
    0x20000014   0x00000004   Data   RW          270    .data               delay.o
    0x20000018   0x00000006   Data   RW          327    .data               usart.o
    0x2000001e   0x00000014   Data   RW          820    .data               stm32f10x_rcc.o
    0x20000032   0x00000004   Data   RW         2050    .data               lcd.o
    0x20000036   0x00000002   PAD
    0x20000038   0x0000002c   Data   RW         2234    .data               mpu9250_iic.o
    0x20000064   0x00000001   Data   RW         2288    .data               iic.o


    Execution Region ER_ZI (Base: 0x20000068, Size: 0x00000760, Max: 0xffffffff, ABSOLUTE)

    Base Addr    Size         Type   Attr      Idx    E Section Name        Object

    0x20000068   0x000000c8   Zero   RW          326    .bss                usart.o
    0x20000130   0x0000000e   Zero   RW         2048    .bss                lcd.o
    0x2000013e   0x00000028   Zero   RW         2233    .bss                mpu9250_iic.o
    0x20000166   0x00000002   PAD
    0x20000168   0x00000060   Zero   RW         2542    .bss                c_w.l(libspace.o)
    0x200001c8   0x00000200   Zero   RW          374    HEAP                startup_stm32f10x_hd.o
    0x200003c8   0x00000400   Zero   RW          373    STACK               startup_stm32f10x_hd.o


==============================================================================

Image component sizes


      Code (inc. data)   RO Data    RW Data    ZI Data      Debug   Object Name

       220         26          0          4          0       1679   delay.o
       666         40          0          1          0       6580   iic.o
     16888        184       6080          4         14      19923   lcd.o
        44          0          0          0          0     240783   main.o
       172         22          0          0          0       2033   misc.o
      1570        186          0         44         40       4057   mpu9250_iic.o
        64         26        304          0       1536        800   startup_stm32f10x_hd.o
       282          6          0          0          0       1797   stm32f10x_fsmc.o
       278          0          0          0          0       1940   stm32f10x_gpio.o
        26          0          0          0          0       3658   stm32f10x_it.o
       276         32          0         20          0       4409   stm32f10x_rcc.o
       408          6          0          0          0       4922   stm32f10x_usart.o
         0          0          0          0          0         32   sys.o
       328         28          0         20          0       2057   system_stm32f10x.o
       330         26          0          6        200       4096   usart.o

    ----------------------------------------------------------------------
     21566        582       6416        104       1792     298766   Object Totals
         0          0         32          0          0          0   (incl. Generated)
        14          0          0          5          2          0   (incl. Padding)

    ----------------------------------------------------------------------

      Code (inc. data)   RO Data    RW Data    ZI Data      Debug   Library Member Name

         8          0          0          0          0         68   __main.o
       104          0          0          0          0         84   __printf.o
         0          0          0          0          0          0   __rtentry.o
        12          0          0          0          0          0   __rtentry2.o
         6          0          0          0          0          0   __rtentry4.o
        52          8          0          0          0          0   __scatter.o
        26          0          0          0          0          0   __scatter_copy.o
        28          0          0          0          0          0   __scatter_zi.o
        48          6          0          0          0         96   _printf_char_common.o
        36          4          0          0          0         80   _printf_char_file.o
         6          0          0          0          0          0   _printf_f.o
      1050          0          0          0          0        216   _printf_fp_dec.o
       128         16          0          0          0         84   _printf_fp_infnan.o
        88          4         40          0          0         88   _printf_hex_int.o
       178          0          0          0          0         88   _printf_intcommon.o
         0          0          0          0          0          0   _printf_percent.o
         4          0          0          0          0          0   _printf_percent_end.o
         6          0          0          0          0          0   _printf_x.o
        10          0          0          0          0         68   _sputc.o
       220          4        148          0          0         96   bigflt0.o
      1910        128          0          0          0        672   btod.o
        12          0          0          0          0         72   exit.o
         8          0          0          0          0         68   ferror.o
         6          0          0          0          0        152   heapauxi.o
        44         10         28          0          0         76   lc_numeric_c.o
         2          0          0          0          0          0   libinit.o
        18          0          0          0          0          0   libinit2.o
         2          0          0          0          0          0   libshutdown.o
         2          0          0          0          0          0   libshutdown2.o
         8          4          0          0         96         68   libspace.o
       138          0          0          0          0         80   lludiv10.o
        24          4          0          0          0         84   noretval__2printf.o
        40          6          0          0          0         84   noretval__2sprintf.o
         8          4          0          0          0         68   rt_locale_intlibspace.o
         2          0          0          0          0          0   rtexit.o
        10          0          0          0          0          0   rtexit2.o
       128          0          0          0          0         68   strcmpv7m.o
        74          0          0          0          0         80   sys_stackheap_outer.o
         2          0          0          0          0         68   use_no_semi.o
         2          0          0          0          0         68   use_no_semi_2.o
        98          4          0          0          0         92   d2f.o
       688        140          0          0          0        208   ddiv.o
        90          4          0          0          0         92   dfixu.o
        84          0          0          0          0        136   dflt_clz.o
       340         12          0          0          0        104   dmul.o
       156          4          0          0          0         92   dnaninf.o
        12          0          0          0          0         68   dretinf.o
        86          4          0          0          0         84   f2d.o
       388         76          0          0          0         96   fdiv.o
        48          0          0          0          0         68   fflt_clz.o
       258          4          0          0          0         84   fmul.o
       140          4          0          0          0         84   fnaninf.o
        10          0          0          0          0         68   fretinf.o
         4          0          0          0          0         68   printf1.o
         0          0          0          0          0          0   usenofp.o
        40          0          0          0          0         68   fpclassify.o

    ----------------------------------------------------------------------
      6910        450        216          0         96       4088   Library Totals
        18          0          0          0          0          0   (incl. Padding)

    ----------------------------------------------------------------------

      Code (inc. data)   RO Data    RW Data    ZI Data      Debug   Library Name

      4450        198        216          0         96       2676   c_w.l
      2402        252          0          0          0       1344   fz_ws.l
        40          0          0          0          0         68   m_ws.l

    ----------------------------------------------------------------------
      6910        450        216          0         96       4088   Library Totals

    ----------------------------------------------------------------------

==============================================================================


      Code (inc. data)   RO Data    RW Data    ZI Data      Debug   

     28476       1032       6632        104       1888     297390   Grand Totals
     28476       1032       6632        104       1888     297390   ELF Image Totals
     28476       1032       6632        104          0          0   ROM Totals

==============================================================================

    Total RO  Size (Code + RO Data)                35108 (  34.29kB)
    Total RW  Size (RW Data + ZI Data)              1992 (   1.95kB)
    Total ROM Size (Code + RO Data + RW Data)      35212 (  34.39kB)

==============================================================================

