<html>
<body>
<pre>
<h1>µVision Build Log</h1>
<h2>Tool Versions:</h2>
IDE-Version: µVision V5.14.0.0
Copyright (C) 2015 ARM Ltd and ARM Germany GmbH. All rights reserved.
License Information: a a, a, LIC=1WS63-AD0XZ-JMB98-3M90B-1ZVP6-ZGWQJ
 
Tool Versions:
Toolchain:       MDK-ARM Professional  Version: 5.14.0.0
Toolchain Path:  C:\Keil_v5\ARM\ARMCC\Bin
C Compiler:      Armcc.exe V5.05 update 1 (build 106)
Assembler:       Armasm.exe V5.05 update 1 (build 106)
Linker/Locator:  ArmLink.exe V5.05 update 1 (build 106)
Library Manager: ArmAr.exe V5.05 update 1 (build 106)
Hex Converter:   FromElf.exe V5.05 update 1 (build 106)
CPU DLL:         SARMCM3.DLL V5.14.0.0
Dialog DLL:      DARMSTM.DLL V1.65.0.0
Target DLL:      STLink\ST-LINKIII-KEIL_SWO.dll V2.0.14.0_KEIL
Dialog DLL:      TARMSTM.DLL V1.64.0.0
 
<h2>Project:</h2>
C:\Users\focks\OneDrive\CrapCode\stm32\FlightController\USER\FlightController.uvprojx
Project File Date:  11/26/2017

<h2>Output:</h2>
Build target 'FlightController'
compiling main.c...
compiling MPU9250_IIC.c...
..\HARDWARE\MPU9250_IIC.c(96): warning:  #223-D: function "sprintf" declared implicitly
        sprintf(str, "%f", Acc_X);
..\HARDWARE\MPU9250_IIC.c: 1 warning, 0 errors
compiling IIC.c...
linking...
Program Size: Code=28476 RO-data=6632 RW-data=104 ZI-data=1888  
FromELF: creating hex file...
"..\OBJ\Template.axf" - 0 Error(s), 1 Warning(s).

<h2>Collection of Component include folders:</h2>
  C:\Users\focks\OneDrive\CrapCode\stm32\FlightController\USER\RTE
  C:\Keil_v5\ARM\PACK\Keil\STM32F1xx_DFP\1.0.5\Device\Include

<h2>Collection of Component Files used:</h2>
</pre>
</body>
</html>
